Component: ARM Compiler 5.06 update 6 (build 750) Tool: armlink [4d35ed]

==============================================================================

Section Cross References

    startup_stm32f746xx.o(RESET) refers to startup_stm32f746xx.o(STACK) for __initial_sp
    startup_stm32f746xx.o(RESET) refers to startup_stm32f746xx.o(.text) for Reset_Handler
    startup_stm32f746xx.o(RESET) refers to stm32f7xx_it.o(i.NMI_Handler) for NMI_Handler
    startup_stm32f746xx.o(RESET) refers to stm32f7xx_it.o(i.HardFault_Handler) for HardFault_Handler
    startup_stm32f746xx.o(RESET) refers to stm32f7xx_it.o(i.MemManage_Handler) for MemManage_Handler
    startup_stm32f746xx.o(RESET) refers to stm32f7xx_it.o(i.BusFault_Handler) for BusFault_Handler
    startup_stm32f746xx.o(RESET) refers to stm32f7xx_it.o(i.UsageFault_Handler) for UsageFault_Handler
    startup_stm32f746xx.o(RESET) refers to stm32f7xx_it.o(i.SVC_Handler) for SVC_Handler
    startup_stm32f746xx.o(RESET) refers to stm32f7xx_it.o(i.DebugMon_Handler) for DebugMon_Handler
    startup_stm32f746xx.o(RESET) refers to stm32f7xx_it.o(i.PendSV_Handler) for PendSV_Handler
    startup_stm32f746xx.o(RESET) refers to stm32f7xx_it.o(i.TIM6_DAC_IRQHandler) for TIM6_DAC_IRQHandler
    startup_stm32f746xx.o(RESET) refers to stm32f7xx_it.o(i.OTG_FS_IRQHandler) for OTG_FS_IRQHandler
    startup_stm32f746xx.o(RESET) refers to stm32f7xx_it.o(i.DMA2_Stream6_IRQHandler) for DMA2_Stream6_IRQHandler
    startup_stm32f746xx.o(RESET) refers to stm32f7xx_it.o(i.LTDC_IRQHandler) for LTDC_IRQHandler
    startup_stm32f746xx.o(RESET) refers to stm32f7xx_it.o(i.DMA2D_IRQHandler) for DMA2D_IRQHandler
    startup_stm32f746xx.o(.text) refers to system_stm32f7xx.o(i.SystemInit) for SystemInit
    startup_stm32f746xx.o(.text) refers to entry.o(.ARM.Collect$$$$00000000) for __main
    main.o(i.HAL_TIM_PeriodElapsedCallback) refers to stm32f7xx_hal.o(i.HAL_IncTick) for HAL_IncTick
    main.o(i.LCD_Config) refers to stm32746g_discovery_lcd.o(i.BSP_LCD_Init) for BSP_LCD_Init
    main.o(i.LCD_Config) refers to stm32746g_discovery_lcd.o(i.BSP_LCD_LayerDefaultInit) for BSP_LCD_LayerDefaultInit
    main.o(i.LCD_Config) refers to stm32746g_discovery_lcd.o(i.BSP_LCD_GetXSize) for BSP_LCD_GetXSize
    main.o(i.LCD_Config) refers to stm32746g_discovery_lcd.o(i.BSP_LCD_GetYSize) for BSP_LCD_GetYSize
    main.o(i.LCD_Config) refers to stm32746g_discovery_lcd.o(i.BSP_LCD_DisplayOn) for BSP_LCD_DisplayOn
    main.o(i.LCD_Config) refers to stm32746g_discovery_lcd.o(i.BSP_LCD_SelectLayer) for BSP_LCD_SelectLayer
    main.o(i.LCD_Config) refers to stm32746g_discovery_lcd.o(i.BSP_LCD_Clear) for BSP_LCD_Clear
    main.o(i.LCD_Config) refers to stm32746g_discovery_lcd.o(i.BSP_LCD_SetBackColor) for BSP_LCD_SetBackColor
    main.o(i.MX_ADC3_Init) refers to stm32f7xx_hal_adc.o(i.HAL_ADC_Init) for HAL_ADC_Init
    main.o(i.MX_ADC3_Init) refers to main.o(i.Error_Handler) for Error_Handler
    main.o(i.MX_ADC3_Init) refers to stm32f7xx_hal_adc.o(i.HAL_ADC_ConfigChannel) for HAL_ADC_ConfigChannel
    main.o(i.MX_ADC3_Init) refers to main.o(.bss) for hadc3
    main.o(i.MX_CRC_Init) refers to stm32f7xx_hal_crc.o(i.HAL_CRC_Init) for HAL_CRC_Init
    main.o(i.MX_CRC_Init) refers to main.o(i.Error_Handler) for Error_Handler
    main.o(i.MX_CRC_Init) refers to main.o(.bss) for hcrc
    main.o(i.MX_DCMI_Init) refers to stm32f7xx_hal_dcmi.o(i.HAL_DCMI_Init) for HAL_DCMI_Init
    main.o(i.MX_DCMI_Init) refers to main.o(i.Error_Handler) for Error_Handler
    main.o(i.MX_DCMI_Init) refers to main.o(.bss) for hdcmi
    main.o(i.MX_DMA2D_Init) refers to stm32f7xx_hal_dma2d.o(i.HAL_DMA2D_Init) for HAL_DMA2D_Init
    main.o(i.MX_DMA2D_Init) refers to main.o(i.Error_Handler) for Error_Handler
    main.o(i.MX_DMA2D_Init) refers to stm32f7xx_hal_dma2d.o(i.HAL_DMA2D_ConfigLayer) for HAL_DMA2D_ConfigLayer
    main.o(i.MX_DMA2D_Init) refers to main.o(.bss) for hdma2d
    main.o(i.MX_DMA_Init) refers to stm32f7xx_hal_cortex.o(i.HAL_NVIC_SetPriority) for HAL_NVIC_SetPriority
    main.o(i.MX_DMA_Init) refers to stm32f7xx_hal_cortex.o(i.HAL_NVIC_EnableIRQ) for HAL_NVIC_EnableIRQ
    main.o(i.MX_FMC_Init) refers to memseta.o(.text) for __aeabi_memclr4
    main.o(i.MX_FMC_Init) refers to stm32f7xx_hal_sdram.o(i.HAL_SDRAM_Init) for HAL_SDRAM_Init
    main.o(i.MX_FMC_Init) refers to main.o(i.Error_Handler) for Error_Handler
    main.o(i.MX_FMC_Init) refers to main.o(.bss) for hsdram1
    main.o(i.MX_GPIO_Init) refers to memseta.o(.text) for __aeabi_memclr4
    main.o(i.MX_GPIO_Init) refers to stm32f7xx_hal_gpio.o(i.HAL_GPIO_WritePin) for HAL_GPIO_WritePin
    main.o(i.MX_GPIO_Init) refers to stm32f7xx_hal_gpio.o(i.HAL_GPIO_Init) for HAL_GPIO_Init
    main.o(i.MX_I2C1_Init) refers to stm32f7xx_hal_i2c.o(i.HAL_I2C_Init) for HAL_I2C_Init
    main.o(i.MX_I2C1_Init) refers to main.o(i.Error_Handler) for Error_Handler
    main.o(i.MX_I2C1_Init) refers to stm32f7xx_hal_i2c_ex.o(i.HAL_I2CEx_ConfigAnalogFilter) for HAL_I2CEx_ConfigAnalogFilter
[...]
    DebugMon_Handler                         0x08002a6b   Thumb Code     2  stm32f7xx_it.o(i.DebugMon_Handler)
    Error_Handler                            0x08002b71   Thumb Code     2  main.o(i.Error_Handler)
    FMC_SDRAM_Init                           0x08002b73   Thumb Code   116  stm32f7xx_ll_fmc.o(i.FMC_SDRAM_Init)
    FMC_SDRAM_ProgramRefreshRate             0x08002be7   Thumb Code    14  stm32f7xx_ll_fmc.o(i.FMC_SDRAM_ProgramRefreshRate)
    FMC_SDRAM_SendCommand                    0x08002bf5   Thumb Code    38  stm32f7xx_ll_fmc.o(i.FMC_SDRAM_SendCommand)
    FMC_SDRAM_Timing_Init                    0x08002c1d   Thumb Code   152  stm32f7xx_ll_fmc.o(i.FMC_SDRAM_Timing_Init)
    HAL_ADC_ConfigChannel                    0x08002cb9   Thumb Code   414  stm32f7xx_hal_adc.o(i.HAL_ADC_ConfigChannel)
    HAL_ADC_Init                             0x08002e6d   Thumb Code   100  stm32f7xx_hal_adc.o(i.HAL_ADC_Init)
    HAL_ADC_MspInit                          0x08002ed5   Thumb Code   154  stm32f7xx_hal_msp.o(i.HAL_ADC_MspInit)
    HAL_CRCEx_Polynomial_Set                 0x08002f81   Thumb Code   102  stm32f7xx_hal_crc_ex.o(i.HAL_CRCEx_Polynomial_Set)
    HAL_CRC_Init                             0x08002fe9   Thumb Code   128  stm32f7xx_hal_crc.o(i.HAL_CRC_Init)
    HAL_CRC_MspInit                          0x0800306d   Thumb Code    40  stm32f7xx_hal_msp.o(i.HAL_CRC_MspInit)
    HAL_DCMI_Init                            0x0800309d   Thumb Code   148  stm32f7xx_hal_dcmi.o(i.HAL_DCMI_Init)
    HAL_DCMI_MspInit                         0x08003135   Thumb Code   324  stm32f7xx_hal_msp.o(i.HAL_DCMI_MspInit)
    HAL_DMA2D_CLUTLoadingCpltCallback        0x08003295   Thumb Code     2  stm32f7xx_hal_dma2d.o(i.HAL_DMA2D_CLUTLoadingCpltCallback)
    HAL_DMA2D_ConfigLayer                    0x08003299   Thumb Code   198  stm32f7xx_hal_dma2d.o(i.HAL_DMA2D_ConfigLayer)
    HAL_DMA2D_IRQHandler                     0x08003365   Thumb Code   358  stm32f7xx_hal_dma2d.o(i.HAL_DMA2D_IRQHandler)
    HAL_DMA2D_Init                           0x080034cb   Thumb Code    96  stm32f7xx_hal_dma2d.o(i.HAL_DMA2D_Init)
    HAL_DMA2D_LineEventCallback              0x0800352b   Thumb Code     2  stm32f7xx_hal_dma2d.o(i.HAL_DMA2D_LineEventCallback)
    HAL_DMA2D_MspInit                        0x0800352d   Thumb Code    58  stm32f7xx_hal_msp.o(i.HAL_DMA2D_MspInit)
    HAL_DMA2D_PollForTransfer                0x08003571   Thumb Code   358  stm32f7xx_hal_dma2d.o(i.HAL_DMA2D_PollForTransfer)
    HAL_DMA2D_Start                          0x080036d7   Thumb Code    78  stm32f7xx_hal_dma2d.o(i.HAL_DMA2D_Start)
    HAL_DMA_Abort                            0x08003725   Thumb Code   170  stm32f7xx_hal_dma.o(i.HAL_DMA_Abort)
    HAL_DMA_DeInit                           0x080037cf   Thumb Code   110  stm32f7xx_hal_dma.o(i.HAL_DMA_DeInit)
    HAL_DMA_IRQHandler                       0x0800383d   Thumb Code   570  stm32f7xx_hal_dma.o(i.HAL_DMA_IRQHandler)
    HAL_DMA_Init                             0x08003a7d   Thumb Code   232  stm32f7xx_hal_dma.o(i.HAL_DMA_Init)
    HAL_DMA_Start_IT                         0x08003b69   Thumb Code   158  stm32f7xx_hal_dma.o(i.HAL_DMA_Start_IT)
    HAL_Delay                                0x08003c09   Thumb Code    36  stm32f7xx_hal.o(i.HAL_Delay)
    HAL_GPIO_DeInit                          0x08003d3d   Thumb Code   336  stm32f7xx_hal_gpio.o(i.HAL_GPIO_DeInit)
    HAL_GPIO_Init                            0x08003ebd   Thumb Code   484  stm32f7xx_hal_gpio.o(i.HAL_GPIO_Init)
    HAL_GPIO_WritePin                        0x080040d5   Thumb Code    12  stm32f7xx_hal_gpio.o(i.HAL_GPIO_WritePin)
    HAL_GetTick                              0x080040e1   Thumb Code     6  stm32f7xx_hal.o(i.HAL_GetTick)
    HAL_HCD_Connect_Callback                 0x080040ed   Thumb Code     2  stm32f7xx_hal_hcd.o(i.HAL_HCD_Connect_Callback)
    HAL_HCD_Disconnect_Callback              0x080040ef   Thumb Code     2  stm32f7xx_hal_hcd.o(i.HAL_HCD_Disconnect_Callback)
    HAL_HCD_HC_NotifyURBChange_Callback      0x080040f1   Thumb Code     2  stm32f7xx_hal_hcd.o(i.HAL_HCD_HC_NotifyURBChange_Callback)
    HAL_HCD_IRQHandler                       0x080040f3   Thumb Code   364  stm32f7xx_hal_hcd.o(i.HAL_HCD_IRQHandler)
    HAL_HCD_Init                             0x0800425f   Thumb Code   102  stm32f7xx_hal_hcd.o(i.HAL_HCD_Init)
    HAL_HCD_MspInit                          0x080042c5   Thumb Code   164  stm32f7xx_hal_msp.o(i.HAL_HCD_MspInit)
    HAL_HCD_PortDisabled_Callback            0x08004371   Thumb Code     2  stm32f7xx_hal_hcd.o(i.HAL_HCD_PortDisabled_Callback)
    HAL_HCD_PortEnabled_Callback             0x08004373   Thumb Code     2  stm32f7xx_hal_hcd.o(i.HAL_HCD_PortEnabled_Callback)
    HAL_HCD_SOF_Callback                     0x08004375   Thumb Code     2  stm32f7xx_hal_hcd.o(i.HAL_HCD_SOF_Callback)
    HAL_I2CEx_ConfigAnalogFilter             0x08004377   Thumb Code   106  stm32f7xx_hal_i2c_ex.o(i.HAL_I2CEx_ConfigAnalogFilter)
    HAL_I2CEx_ConfigDigitalFilter            0x080043e1   Thumb Code   104  stm32f7xx_hal_i2c_ex.o(i.HAL_I2CEx_ConfigDigitalFilter)
    HAL_I2C_DeInit                           0x08004449   Thumb Code    60  stm32f7xx_hal_i2c.o(i.HAL_I2C_DeInit)
    HAL_I2C_GetState                         0x08004485   Thumb Code     8  stm32f7xx_hal_i2c.o(i.HAL_I2C_GetState)
    HAL_I2C_Init                             0x0800448d   Thumb Code   192  stm32f7xx_hal_i2c.o(i.HAL_I2C_Init)
    HAL_I2C_Mem_Read                         0x08004551   Thumb Code   408  stm32f7xx_hal_i2c.o(i.HAL_I2C_Mem_Read)
    HAL_I2C_Mem_Write                        0x080046f1   Thumb Code   402  stm32f7xx_hal_i2c.o(i.HAL_I2C_Mem_Write)
    HAL_I2C_MspDeInit                        0x08004889   Thumb Code    68  stm32f7xx_hal_msp.o(i.HAL_I2C_MspDeInit)
    HAL_I2C_MspInit                          0x080048e1   Thumb Code   214  stm32f7xx_hal_msp.o(i.HAL_I2C_MspInit)
    HAL_IncTick                              0x080049cd   Thumb Code    16  stm32f7xx_hal.o(i.HAL_IncTick)
    HAL_Init                                 0x080049e5   Thumb Code    22  stm32f7xx_hal.o(i.HAL_Init)
    HAL_InitTick                             0x080049fd   Thumb Code   118  stm32f7xx_hal_timebase_tim.o(i.HAL_InitTick)
    HAL_LTDC_ConfigLayer                     0x08004a85   Thumb Code    94  stm32f7xx_hal_ltdc.o(i.HAL_LTDC_ConfigLayer)
    HAL_LTDC_ErrorCallback                   0x08004ae3   Thumb Code     2  stm32f7xx_hal_ltdc.o(i.HAL_LTDC_ErrorCallback)
    HAL_LTDC_GetState                        0x08004ae5   Thumb Code     8  stm32f7xx_hal_ltdc.o(i.HAL_LTDC_GetState)
    HAL_LTDC_IRQHandler                      0x08004aed   Thumb Code   244  stm32f7xx_hal_ltdc.o(i.HAL_LTDC_IRQHandler)
    HAL_LTDC_Init                            0x08004be1   Thumb Code   274  stm32f7xx_hal_ltdc.o(i.HAL_LTDC_Init)
    HAL_LTDC_LineEventCallback               0x08004cf9   Thumb Code     2  stm32f7xx_hal_ltdc.o(i.HAL_LTDC_LineEventCallback)
    HAL_LTDC_MspInit                         0x08004cfd   Thumb Code   346  stm32f7xx_hal_msp.o(i.HAL_LTDC_MspInit)
    HAL_LTDC_ReloadEventCallback             0x08004e75   Thumb Code     2  stm32f7xx_hal_ltdc.o(i.HAL_LTDC_ReloadEventCallback)
    HAL_MspInit                              0x08004e79   Thumb Code    60  stm32f7xx_hal_msp.o(i.HAL_MspInit)
    HAL_NVIC_EnableIRQ                       0x08004eb9   Thumb Code    32  stm32f7xx_hal_cortex.o(i.HAL_NVIC_EnableIRQ)
    HAL_NVIC_SetPriority                     0x08004ed9   Thumb Code   124  stm32f7xx_hal_cortex.o(i.HAL_NVIC_SetPriority)
    HAL_NVIC_SetPriorityGrouping             0x08004f55   Thumb Code    32  stm32f7xx_hal_cortex.o(i.HAL_NVIC_SetPriorityGrouping)
    HAL_PWREx_EnableOverDrive                0x08004f7d   Thumb Code   136  stm32f7xx_hal_pwr_ex.o(i.HAL_PWREx_EnableOverDrive)
    HAL_PWR_EnableBkUpAccess                 0x0800500d   Thumb Code    14  stm32f7xx_hal_pwr.o(i.HAL_PWR_EnableBkUpAccess)
    HAL_QSPI_Init                            0x08005021   Thumb Code   208  stm32f7xx_hal_qspi.o(i.HAL_QSPI_Init)
    HAL_QSPI_MspInit                         0x080050f9   Thumb Code   252  stm32f7xx_hal_msp.o(i.HAL_QSPI_MspInit)
    HAL_QSPI_SetTimeout                      0x08005209   Thumb Code     4  stm32f7xx_hal_qspi.o(i.HAL_QSPI_SetTimeout)
    HAL_RCCEx_GetPeriphCLKConfig             0x0800520d   Thumb Code   410  stm32f7xx_hal_rcc_ex.o(i.HAL_RCCEx_GetPeriphCLKConfig)
    HAL_RCCEx_GetPeriphCLKFreq               0x080053b1   Thumb Code   442  stm32f7xx_hal_rcc_ex.o(i.HAL_RCCEx_GetPeriphCLKFreq)
    HAL_RCCEx_PeriphCLKConfig                0x0800557d   Thumb Code  1756  stm32f7xx_hal_rcc_ex.o(i.HAL_RCCEx_PeriphCLKConfig)
    HAL_RCC_ClockConfig                      0x08005c5d   Thumb Code   382  stm32f7xx_hal_rcc.o(i.HAL_RCC_ClockConfig)
    HAL_RCC_GetClockConfig                   0x08005ded   Thumb Code    58  stm32f7xx_hal_rcc.o(i.HAL_RCC_GetClockConfig)
    HAL_RCC_GetHCLKFreq                      0x08005e31   Thumb Code     6  stm32f7xx_hal_rcc.o(i.HAL_RCC_GetHCLKFreq)
    HAL_RCC_GetPCLK1Freq                     0x08005e3d   Thumb Code    22  stm32f7xx_hal_rcc.o(i.HAL_RCC_GetPCLK1Freq)
    HAL_RCC_GetPCLK2Freq                     0x08005e5d   Thumb Code    22  stm32f7xx_hal_rcc.o(i.HAL_RCC_GetPCLK2Freq)
    HAL_RCC_GetSysClockFreq                  0x08005e7d   Thumb Code   162  stm32f7xx_hal_rcc.o(i.HAL_RCC_GetSysClockFreq)
    HAL_RCC_OscConfig                        0x08005f2d   Thumb Code  1200  stm32f7xx_hal_rcc.o(i.HAL_RCC_OscConfig)
    HAL_RTCEx_SetTimeStamp                   0x080063e1   Thumb Code   122  stm32f7xx_hal_rtc_ex.o(i.HAL_RTCEx_SetTimeStamp)
    HAL_RTC_Init                             0x0800645d   Thumb Code   176  stm32f7xx_hal_rtc.o(i.HAL_RTC_Init)
    HAL_RTC_MspInit                          0x08006511   Thumb Code    22  stm32f7xx_hal_msp.o(i.HAL_RTC_MspInit)
    HAL_RTC_SetAlarm                         0x08006531   Thumb Code   460  stm32f7xx_hal_rtc.o(i.HAL_RTC_SetAlarm)
    HAL_RTC_SetDate                          0x080066fd   Thumb Code   254  stm32f7xx_hal_rtc.o(i.HAL_RTC_SetDate)
    HAL_RTC_SetTime                          0x08006801   Thumb Code   296  stm32f7xx_hal_rtc.o(i.HAL_RTC_SetTime)
    HAL_RTC_WaitForSynchro                   0x0800692d   Thumb Code    58  stm32f7xx_hal_rtc.o(i.HAL_RTC_WaitForSynchro)
    HAL_SAI_DMAStop                          0x08006967   Thumb Code   162  stm32f7xx_hal_sai.o(i.HAL_SAI_DMAStop)
    HAL_SAI_DeInit                           0x08006a09   Thumb Code    74  stm32f7xx_hal_sai.o(i.HAL_SAI_DeInit)
    HAL_SAI_ErrorCallback                    0x08006a55   Thumb Code    46  stm32746g_discovery_audio.o(i.HAL_SAI_ErrorCallback)
    HAL_SAI_GetState                         0x08006a8d   Thumb Code     8  stm32f7xx_hal_sai.o(i.HAL_SAI_GetState)
    HAL_SAI_Init                             0x08006a95   Thumb Code   522  stm32f7xx_hal_sai.o(i.HAL_SAI_Init)
    HAL_SAI_MspDeInit                        0x08006cb1   Thumb Code   110  stm32f7xx_hal_msp.o(i.HAL_SAI_MspDeInit)
    HAL_SAI_MspInit                          0x08006d35   Thumb Code   240  stm32f7xx_hal_msp.o(i.HAL_SAI_MspInit)
    HAL_SAI_Receive_DMA                      0x08006e41   Thumb Code   194  stm32f7xx_hal_sai.o(i.HAL_SAI_Receive_DMA)
    HAL_SAI_RxCpltCallback                   0x08006f11   Thumb Code    10  stm32746g_discovery_audio.o(i.HAL_SAI_RxCpltCallback)
    HAL_SAI_RxHalfCpltCallback               0x08006f1b   Thumb Code    10  stm32746g_discovery_audio.o(i.HAL_SAI_RxHalfCpltCallback)
    HAL_SDRAM_Init                           0x08006f25   Thumb Code    64  stm32f7xx_hal_sdram.o(i.HAL_SDRAM_Init)
    HAL_SDRAM_MspInit                        0x08006f65   Thumb Code    10  stm32f7xx_hal_msp.o(i.HAL_SDRAM_MspInit)
    HAL_SDRAM_ProgramRefreshRate             0x08006f6f   Thumb Code    40  stm32f7xx_hal_sdram.o(i.HAL_SDRAM_ProgramRefreshRate)
    HAL_SDRAM_SendCommand                    0x08006f97   Thumb Code    58  stm32f7xx_hal_sdram.o(i.HAL_SDRAM_SendCommand)
    HAL_SD_ConfigWideBusOperation            0x08006fd1   Thumb Code   168  stm32f7xx_hal_sd.o(i.HAL_SD_ConfigWideBusOperation)
    HAL_SD_GetCardCSD                        0x08007079   Thumb Code   496  stm32f7xx_hal_sd.o(i.HAL_SD_GetCardCSD)
    HAL_SD_Init                              0x08007269   Thumb Code    54  stm32f7xx_hal_sd.o(i.HAL_SD_Init)
    HAL_SD_InitCard                          0x0800729f   Thumb Code   136  stm32f7xx_hal_sd.o(i.HAL_SD_InitCard)
    HAL_SD_MspInit                           0x08007329   Thumb Code   170  stm32f7xx_hal_msp.o(i.HAL_SD_MspInit)
    HAL_SPDIFRX_Init                         0x080073e5   Thumb Code   112  stm32f7xx_hal_spdifrx.o(i.HAL_SPDIFRX_Init)
    HAL_SPDIFRX_MspInit                      0x08007459   Thumb Code   112  stm32f7xx_hal_msp.o(i.HAL_SPDIFRX_MspInit)
    HAL_SPI_Init                             0x080074d1   Thumb Code   204  stm32f7xx_hal_spi.o(i.HAL_SPI_Init)
    HAL_SPI_MspInit                          0x0800759d   Thumb Code   164  stm32f7xx_hal_msp.o(i.HAL_SPI_MspInit)
    HAL_TIMEx_Break2Callback                 0x08007651   Thumb Code     2  stm32f7xx_hal_tim_ex.o(i.HAL_TIMEx_Break2Callback)
    HAL_TIMEx_BreakCallback                  0x08007653   Thumb Code     2  stm32f7xx_hal_tim_ex.o(i.HAL_TIMEx_BreakCallback)
    HAL_TIMEx_CommutCallback                 0x08007655   Thumb Code     2  stm32f7xx_hal_tim_ex.o(i.HAL_TIMEx_CommutCallback)
    HAL_TIMEx_ConfigBreakDeadTime            0x08007659   Thumb Code   172  stm32f7xx_hal_tim_ex.o(i.HAL_TIMEx_ConfigBreakDeadTime)
    HAL_TIMEx_MasterConfigSynchronization    0x0800770d   Thumb Code   110  stm32f7xx_hal_tim_ex.o(i.HAL_TIMEx_MasterConfigSynchronization)
    HAL_TIM_Base_Init                        0x08007785   Thumb Code    52  stm32f7xx_hal_tim.o(i.HAL_TIM_Base_Init)
    HAL_TIM_Base_MspInit                     0x080077b9   Thumb Code   196  stm32f7xx_hal_msp.o(i.HAL_TIM_Base_MspInit)
    HAL_TIM_Base_Start_IT                    0x08007891   Thumb Code    50  stm32f7xx_hal_tim.o(i.HAL_TIM_Base_Start_IT)
    HAL_TIM_ConfigClockSource                0x080078c9   Thumb Code   264  stm32f7xx_hal_tim.o(i.HAL_TIM_ConfigClockSource)
    HAL_TIM_IC_CaptureCallback               0x080079d5   Thumb Code     2  stm32f7xx_hal_tim.o(i.HAL_TIM_IC_CaptureCallback)
    HAL_TIM_IRQHandler                       0x080079d7   Thumb Code   440  stm32f7xx_hal_tim.o(i.HAL_TIM_IRQHandler)
    HAL_TIM_MspPostInit                      0x08007b91   Thumb Code   338  stm32f7xx_hal_msp.o(i.HAL_TIM_MspPostInit)
    HAL_TIM_OC_DelayElapsedCallback          0x08007d09   Thumb Code     2  stm32f7xx_hal_tim.o(i.HAL_TIM_OC_DelayElapsedCallback)
    HAL_TIM_PWM_ConfigChannel                0x08007d0b   Thumb Code   372  stm32f7xx_hal_tim.o(i.HAL_TIM_PWM_ConfigChannel)
    HAL_TIM_PWM_Init                         0x08007e7f   Thumb Code    52  stm32f7xx_hal_tim.o(i.HAL_TIM_PWM_Init)
    HAL_TIM_PWM_MspInit                      0x08007eb5   Thumb Code    40  stm32f7xx_hal_msp.o(i.HAL_TIM_PWM_MspInit)
    HAL_TIM_PWM_PulseFinishedCallback        0x08007ee5   Thumb Code     2  stm32f7xx_hal_tim.o(i.HAL_TIM_PWM_PulseFinishedCallback)
    HAL_TIM_PeriodElapsedCallback            0x08007ee9   Thumb Code    18  main.o(i.HAL_TIM_PeriodElapsedCallback)
    HAL_TIM_TriggerCallback                  0x08007f01   Thumb Code     2  stm32f7xx_hal_tim.o(i.HAL_TIM_TriggerCallback)
    HAL_UART_Init                            0x08007f03   Thumb Code   116  stm32f7xx_hal_uart.o(i.HAL_UART_Init)
    HAL_UART_MspInit                         0x08007f79   Thumb Code   264  stm32f7xx_hal_msp.o(i.HAL_UART_MspInit)
    HAL_UART_Transmit                        0x08008099   Thumb Code   208  stm32f7xx_hal_uart.o(i.HAL_UART_Transmit)
    HardFault_Handler                        0x08008e0d   Thumb Code     2  stm32f7xx_it.o(i.HardFault_Handler)
    LTDC_IRQHandler                          0x08009429   Thumb Code    10  stm32f7xx_it.o(i.LTDC_IRQHandler)
    MemManage_Handler                        0x0800a3f1   Thumb Code     4  stm32f7xx_it.o(i.MemManage_Handler)
    NMI_Handler                              0x0800a3f5   Thumb Code     2  stm32f7xx_it.o(i.NMI_Handler)
    OTG_FS_IRQHandler                        0x0800a3f9   Thumb Code    10  stm32f7xx_it.o(i.OTG_FS_IRQHandler)
    PendSV_Handler                           0x0800a409   Thumb Code     2  stm32f7xx_it.o(i.PendSV_Handler)
    RTC_ByteToBcd2                           0x0800a457   Thumb Code    26  stm32f7xx_hal_rtc.o(i.RTC_ByteToBcd2)
    RTC_EnterInitMode                        0x0800a471   Thumb Code    62  stm32f7xx_hal_rtc.o(i.RTC_EnterInitMode)
    SDMMC_CmdAppCommand                      0x0800a711   Thumb Code    58  stm32f7xx_ll_sdmmc.o(i.SDMMC_CmdAppCommand)
    SDMMC_CmdAppOperCommand                  0x0800a74d   Thumb Code    56  stm32f7xx_ll_sdmmc.o(i.SDMMC_CmdAppOperCommand)
    SDMMC_CmdBlockLength                     0x0800a789   Thumb Code    58  stm32f7xx_ll_sdmmc.o(i.SDMMC_CmdBlockLength)
    SDMMC_CmdBusWidth                        0x0800a7c3   Thumb Code    58  stm32f7xx_ll_sdmmc.o(i.SDMMC_CmdBusWidth)
    SDMMC_CmdGoIdleState                     0x0800a7fd   Thumb Code    46  stm32f7xx_ll_sdmmc.o(i.SDMMC_CmdGoIdleState)
    SDMMC_CmdOperCond                        0x0800a82b   Thumb Code    54  stm32f7xx_ll_sdmmc.o(i.SDMMC_CmdOperCond)
    SDMMC_CmdSelDesel                        0x0800a861   Thumb Code    60  stm32f7xx_ll_sdmmc.o(i.SDMMC_CmdSelDesel)
    SDMMC_CmdSendCID                         0x0800a89d   Thumb Code    52  stm32f7xx_ll_sdmmc.o(i.SDMMC_CmdSendCID)
    SDMMC_CmdSendCSD                         0x0800a8d1   Thumb Code    52  stm32f7xx_ll_sdmmc.o(i.SDMMC_CmdSendCSD)
    SDMMC_CmdSendSCR                         0x0800a905   Thumb Code    58  stm32f7xx_ll_sdmmc.o(i.SDMMC_CmdSendSCR)
    SDMMC_CmdSetRelAdd                       0x0800a93f   Thumb Code    58  stm32f7xx_ll_sdmmc.o(i.SDMMC_CmdSetRelAdd)
    SDMMC_ConfigData                         0x0800a979   Thumb Code    44  stm32f7xx_ll_sdmmc.o(i.SDMMC_ConfigData)
    SDMMC_GetCommandResponse                 0x0800ad3d   Thumb Code     8  stm32f7xx_ll_sdmmc.o(i.SDMMC_GetCommandResponse)
    SDMMC_GetPowerState                      0x0800ad45   Thumb Code    10  stm32f7xx_ll_sdmmc.o(i.SDMMC_GetPowerState)
    SDMMC_GetResponse                        0x0800ad4f   Thumb Code    22  stm32f7xx_ll_sdmmc.o(i.SDMMC_GetResponse)
    SDMMC_Init                               0x0800ad65   Thumb Code    52  stm32f7xx_ll_sdmmc.o(i.SDMMC_Init)
    SDMMC_PowerState_ON                      0x0800ad99   Thumb Code    10  stm32f7xx_ll_sdmmc.o(i.SDMMC_PowerState_ON)
    SDMMC_ReadFIFO                           0x0800ada3   Thumb Code     8  stm32f7xx_ll_sdmmc.o(i.SDMMC_ReadFIFO)
    SDMMC_SendCommand                        0x0800adab   Thumb Code    40  stm32f7xx_ll_sdmmc.o(i.SDMMC_SendCommand)
    SVC_Handler                              0x0800b1bd   Thumb Code     2  stm32f7xx_it.o(i.SVC_Handler)
    SystemClock_Config                       0x0800b1c1   Thumb Code   272  main.o(i.SystemClock_Config)
    SystemInit                               0x0800b2dd   Thumb Code    82  system_stm32f7xx.o(i.SystemInit)
    TIM6_DAC_IRQHandler                      0x0800b341   Thumb Code    10  stm32f7xx_it.o(i.TIM6_DAC_IRQHandler)
    TIM_Base_SetConfig                       0x0800b351   Thumb Code   170  stm32f7xx_hal_tim.o(i.TIM_Base_SetConfig)
    TIM_ETR_SetConfig                        0x0800b429   Thumb Code    22  stm32f7xx_hal_tim.o(i.TIM_ETR_SetConfig)
    TIM_OC2_SetConfig                        0x0800b4c5   Thumb Code   114  stm32f7xx_hal_tim.o(i.TIM_OC2_SetConfig)
    TS_IO_Delay                              0x0800b70b   Thumb Code    12  stm32746g_discovery.o(i.TS_IO_Delay)
    TS_IO_Init                               0x0800b719   Thumb Code    10  stm32746g_discovery.o(i.TS_IO_Init)
    TS_IO_Read                               0x0800b729   Thumb Code    36  stm32746g_discovery.o(i.TS_IO_Read)
    TS_IO_Write                              0x0800b751   Thumb Code    32  stm32746g_discovery.o(i.TS_IO_Write)
    UART_AdvFeatureConfig                    0x0800b775   Thumb Code   248  stm32f7xx_hal_uart.o(i.UART_AdvFeatureConfig)
    UART_CheckIdleState                      0x0800b86d   Thumb Code    72  stm32f7xx_hal_uart.o(i.UART_CheckIdleState)
    UART_SetConfig                           0x0800b8b5   Thumb Code   884  stm32f7xx_hal_uart.o(i.UART_SetConfig)
    UART_WaitOnFlagUntilTimeout              0x0800bc59   Thumb Code   104  stm32f7xx_hal_uart.o(i.UART_WaitOnFlagUntilTimeout)
    USB_CoreInit                             0x0800bcc1   Thumb Code   114  stm32f7xx_ll_usb.o(i.USB_CoreInit)
    USB_DisableGlobalInt                     0x0800bd85   Thumb Code    14  stm32f7xx_ll_usb.o(i.USB_DisableGlobalInt)
    USB_DriveVbus                            0x0800bd93   Thumb Code    74  stm32f7xx_ll_usb.o(i.USB_DriveVbus)
    USB_FlushRxFifo                          0x0800bddd   Thumb Code    38  stm32f7xx_ll_usb.o(i.USB_FlushRxFifo)
    USB_FlushTxFifo                          0x0800be09   Thumb Code    44  stm32f7xx_ll_usb.o(i.USB_FlushTxFifo)
    USB_GetMode                              0x0800be39   Thumb Code    10  stm32f7xx_ll_usb.o(i.USB_GetMode)
    USB_HC_Halt                              0x0800be43   Thumb Code   374  stm32f7xx_ll_usb.o(i.USB_HC_Halt)
    USB_HC_ReadInterrupt                     0x0800bfb9   Thumb Code    14  stm32f7xx_ll_usb.o(i.USB_HC_ReadInterrupt)
    USB_HostInit                             0x0800bfc9   Thumb Code   218  stm32f7xx_ll_usb.o(i.USB_HostInit)
    USB_InitFSLSPClkSel                      0x0800c0b9   Thumb Code    68  stm32f7xx_ll_usb.o(i.USB_InitFSLSPClkSel)
    USB_ReadInterrupts                       0x0800c0fd   Thumb Code    10  stm32f7xx_ll_usb.o(i.USB_ReadInterrupts)
    USB_ReadPacket                           0x0800c107   Thumb Code    34  stm32f7xx_ll_usb.o(i.USB_ReadPacket)
    USB_SetCurrentMode                       0x0800c129   Thumb Code    54  stm32f7xx_ll_usb.o(i.USB_SetCurrentMode)
    UsageFault_Handler                       0x0800c15f   Thumb Code     4  stm32f7xx_it.o(i.UsageFault_Handler)
    __0printf$1                              0x0800c165   Thumb Code    22  printf1.o(i.__0printf$1)
    __1printf$1                              0x0800c165   Thumb Code     0  printf1.o(i.__0printf$1)
    __2printf                                0x0800c165   Thumb Code     0  printf1.o(i.__0printf$1)
    __0sprintf$1                             0x0800c185   Thumb Code    34  printf1.o(i.__0sprintf$1)
    __1sprintf$1                             0x0800c185   Thumb Code     0  printf1.o(i.__0sprintf$1)
    __2sprintf                               0x0800c185   Thumb Code     0  printf1.o(i.__0sprintf$1)
    __hardfp_sqrtf                           0x0800c1e5   Thumb Code    58  sqrtf.o(i.__hardfp_sqrtf)
    __scatterload_copy                       0x0800c21f   Thumb Code    14  handlers.o(i.__scatterload_copy)
    __scatterload_null                       0x0800c22d   Thumb Code     2  handlers.o(i.__scatterload_null)
    __scatterload_zeroinit                   0x0800c22f   Thumb Code    14  handlers.o(i.__scatterload_zeroinit)
    __set_errno                              0x0800c23d   Thumb Code     6  errno.o(i.__set_errno)
    fputc                                    0x0800c3a9   Thumb Code    22  main.o(i.fputc)
    ft5336_Init                              0x0800c3e9   Thumb Code    16  ft5336.o(i.ft5336_Init)
    ft5336_ReadID                            0x0800c3f9   Thumb Code    58  ft5336.o(i.ft5336_ReadID)
    ft5336_Reset                             0x0800c433   Thumb Code     2  ft5336.o(i.ft5336_Reset)
    ft5336_TS_ClearIT                        0x0800c435   Thumb Code     2  ft5336.o(i.ft5336_TS_ClearIT)
    ft5336_TS_DetectTouch                    0x0800c43d   Thumb Code    58  ft5336.o(i.ft5336_TS_DetectTouch)
    ft5336_TS_DisableIT                      0x0800c47d   Thumb Code    20  ft5336.o(i.ft5336_TS_DisableIT)
    ft5336_TS_EnableIT                       0x0800c491   Thumb Code    20  ft5336.o(i.ft5336_TS_EnableIT)
    ft5336_TS_GetGestureID                   0x0800c4a5   Thumb Code    28  ft5336.o(i.ft5336_TS_GetGestureID)
    ft5336_TS_GetTouchInfo                   0x0800c4c1   Thumb Code   258  ft5336.o(i.ft5336_TS_GetTouchInfo)
    ft5336_TS_GetXY                          0x0800c5c9   Thumb Code   346  ft5336.o(i.ft5336_TS_GetXY)
    ft5336_TS_ITStatus                       0x0800c72d   Thumb Code     6  ft5336.o(i.ft5336_TS_ITStatus)
    ft5336_TS_Start                          0x0800c733   Thumb Code    22  ft5336.o(i.ft5336_TS_Start)
    main                                     0x0800c749   Thumb Code   722  main.o(i.main)
    wm8994_DeInit                            0x0800ca65   Thumb Code     8  wm8994.o(i.wm8994_DeInit)
    wm8994_Init                              0x0800ca6d   Thumb Code  2906  wm8994.o(i.wm8994_Init)
    wm8994_Pause                             0x0800d5c7   Thumb Code    32  wm8994.o(i.wm8994_Pause)
    wm8994_Play                              0x0800d5e7   Thumb Code    28  wm8994.o(i.wm8994_Play)
    wm8994_ReadID                            0x0800d603   Thumb Code    18  wm8994.o(i.wm8994_ReadID)
    wm8994_Reset                             0x0800d615   Thumb Code    32  wm8994.o(i.wm8994_Reset)
    wm8994_Resume                            0x0800d63d   Thumb Code    20  wm8994.o(i.wm8994_Resume)
    wm8994_SetFrequency                      0x0800d651   Thumb Code   230  wm8994.o(i.wm8994_SetFrequency)
    wm8994_SetMute                           0x0800d739   Thumb Code    80  wm8994.o(i.wm8994_SetMute)
    wm8994_SetOutputMode                     0x0800d78d   Thumb Code   316  wm8994.o(i.wm8994_SetOutputMode)
    wm8994_SetVolume                         0x0800d8c9   Thumb Code   292  wm8994.o(i.wm8994_SetVolume)
    wm8994_Stop                              0x0800d9f5   Thumb Code   120  wm8994.o(i.wm8994_Stop)
    AHBPrescTable                            0x0800da78   Data          16  system_stm32f7xx.o(.constdata)
    APBPrescTable                            0x0800da88   Data           8  system_stm32f7xx.o(.constdata)
    Font24_Table                             0x0800da90   Data        6840  stm32746g_discovery_lcd.o(.constdata)
    Font20_Table                             0x0800f548   Data        3800  stm32746g_discovery_lcd.o(.constdata)
    Font16_Table                             0x08010420   Data        3040  stm32746g_discovery_lcd.o(.constdata)
    Font12_Table                             0x08011000   Data        1140  stm32746g_discovery_lcd.o(.constdata)
    Font8_Table                              0x08011474   Data         760  stm32746g_discovery_lcd.o(.constdata)
    armBitRevIndexTable1024                  0x0801176c   Data        3600  arm_common_tables.o(.rodata.armBitRevIndexTable1024)
    armBitRevIndexTable128                   0x0801257c   Data         416  arm_common_tables.o(.rodata.armBitRevIndexTable128)
    armBitRevIndexTable16                    0x0801271c   Data          40  arm_common_tables.o(.rodata.armBitRevIndexTable16)
    armBitRevIndexTable2048                  0x08012744   Data        7616  arm_common_tables.o(.rodata.armBitRevIndexTable2048)
    armBitRevIndexTable256                   0x08014504   Data         880  arm_common_tables.o(.rodata.armBitRevIndexTable256)
    armBitRevIndexTable32                    0x08014874   Data          96  arm_common_tables.o(.rodata.armBitRevIndexTable32)
    armBitRevIndexTable512                   0x080148d4   Data         896  arm_common_tables.o(.rodata.armBitRevIndexTable512)
    twiddleCoef_1024                         0x08014c54   Data        8192  arm_common_tables.o(.rodata.twiddleCoef_1024)
    twiddleCoef_128                          0x08016c54   Data        1024  arm_common_tables.o(.rodata.twiddleCoef_128)
    twiddleCoef_16                           0x08017054   Data         128  arm_common_tables.o(.rodata.twiddleCoef_16)
    twiddleCoef_2048                         0x080170d4   Data       16384  arm_common_tables.o(.rodata.twiddleCoef_2048)
    twiddleCoef_256                          0x0801b0d4   Data        2048  arm_common_tables.o(.rodata.twiddleCoef_256)
    twiddleCoef_32                           0x0801b8d4   Data         256  arm_common_tables.o(.rodata.twiddleCoef_32)
    twiddleCoef_512                          0x0801b9d4   Data        4096  arm_common_tables.o(.rodata.twiddleCoef_512)
    twiddleCoef_rfft_1024                    0x0801c9d4   Data        4096  arm_common_tables.o(.rodata.twiddleCoef_rfft_1024)
    twiddleCoef_rfft_2048                    0x0801d9d4   Data        8192  arm_common_tables.o(.rodata.twiddleCoef_rfft_2048)
    twiddleCoef_rfft_256                     0x0801f9d4   Data        1024  arm_common_tables.o(.rodata.twiddleCoef_rfft_256)
    twiddleCoef_rfft_32                      0x0801fdd4   Data         128  arm_common_tables.o(.rodata.twiddleCoef_rfft_32)
    twiddleCoef_rfft_4096                    0x0801fe54   Data       16384  arm_common_tables.o(.rodata.twiddleCoef_rfft_4096)
    twiddleCoef_rfft_512                     0x08023e54   Data        2048  arm_common_tables.o(.rodata.twiddleCoef_rfft_512)
    twiddleCoef_rfft_64                      0x08024654   Data         256  arm_common_tables.o(.rodata.twiddleCoef_rfft_64)
    Region$$Table$$Base                      0x08024754   Number         0  anon$$obj.o(Region$$Table)
    Region$$Table$$Limit                     0x08024774   Number         0  anon$$obj.o(Region$$Table)
    bufferSize                               0x20000000   Data           2  main.o(.data)
    ret                                      0x20000004   Data           4  main.o(.data)
    uwTick                                   0x20000014   Data           4  stm32f7xx_hal.o(.data)
    uwTickPrio                               0x20000018   Data           4  stm32f7xx_hal.o(.data)
    uwTickFreq                               0x2000001c   Data           1  stm32f7xx_hal.o(.data)
    SystemCoreClock                          0x20000020   Data           4  system_stm32f7xx.o(.data)
    audio_drv                                0x20000024   Data           4  stm32746g_discovery_audio.o(.data)
    AudioInVolume                            0x20000028   Data           2  stm32746g_discovery_audio.o(.data)
    Font24                                   0x2000002c   Data           8  stm32746g_discovery_lcd.o(.data)
    Font20                                   0x20000034   Data           8  stm32746g_discovery_lcd.o(.data)
    Font16                                   0x2000003c   Data           8  stm32746g_discovery_lcd.o(.data)
    Font12                                   0x20000044   Data           8  stm32746g_discovery_lcd.o(.data)
    Font8                                    0x2000004c   Data           8  stm32746g_discovery_lcd.o(.data)
    ft5336_ts_drv                            0x20000068   Data          40  ft5336.o(.data)
    wm8994_drv                               0x20000098   Data          48  wm8994.o(.data)
    __stdout                                 0x200000d4   Data           4  stdout.o(.data)
    hadc3                                    0x200000dc   Data          72  main.o(.bss)
    hcrc                                     0x20000124   Data          36  main.o(.bss)
    hdcmi                                    0x20000148   Data          80  main.o(.bss)
    hdma2d                                   0x20000198   Data          64  main.o(.bss)
    hi2c1                                    0x200001d8   Data          76  main.o(.bss)
    hi2c3                                    0x20000224   Data          76  main.o(.bss)
    hltdc                                    0x20000270   Data         168  main.o(.bss)
    hqspi                                    0x20000318   Data          76  main.o(.bss)
    hrtc                                     0x20000364   Data          32  main.o(.bss)
    hsai_BlockA2                             0x20000384   Data         132  main.o(.bss)
    hsai_BlockB2                             0x20000408   Data         132  main.o(.bss)
    hdma_sai2_b                              0x2000048c   Data          96  main.o(.bss)
    hsd1                                     0x200004ec   Data         132  main.o(.bss)
    hspdif                                   0x20000570   Data          76  main.o(.bss)
    hspi2                                    0x200005bc   Data         100  main.o(.bss)
    htim1                                    0x20000620   Data          64  main.o(.bss)
    htim2                                    0x20000660   Data          64  main.o(.bss)
    htim3                                    0x200006a0   Data          64  main.o(.bss)
    htim5                                    0x200006e0   Data          64  main.o(.bss)
    htim8                                    0x20000720   Data          64  main.o(.bss)
    htim12                                   0x20000760   Data          64  main.o(.bss)
    huart1                                   0x200007a0   Data         128  main.o(.bss)
    huart6                                   0x20000820   Data         128  main.o(.bss)
    hhcd_USB_OTG_FS                          0x200008a0   Data         708  main.o(.bss)
    hsdram1                                  0x20000b64   Data          52  main.o(.bss)
    a                                        0x20000b98   Data          44  main.o(.bss)
    buffer                                   0x20000bc4   Data        1024  main.o(.bss)
    fft_out                                  0x20000fc4   Data        1024  main.o(.bss)
    fft_temp                                 0x200013c4   Data        1024  main.o(.bss)
    fftInstance                              0x200017c4   Data          24  main.o(.bss)
    htim6                                    0x200017dc   Data          64  stm32f7xx_hal_timebase_tim.o(.bss)
    haudio_out_sai                           0x200018b4   Data         132  stm32746g_discovery_audio.o(.bss)
    haudio_in_sai                            0x20001938   Data         132  stm32746g_discovery_audio.o(.bss)
    haudio_tim                               0x200019bc   Data          64  stm32746g_discovery_audio.o(.bss)
    hLtdcHandler                             0x20001b1c   Data         168  stm32746g_discovery_lcd.o(.bss)
    sdramHandle                              0x20001ca0   Data          52  stm32746g_discovery_sdram.o(.bss)
    __initial_sp                             0x200021e8   Data           0  startup_stm32f746xx.o(STACK)



==============================================================================

Memory Map of the image

  Image Entry point : 0x080001c9

  Load Region LR_IROM1 (Base: 0x08000000, Size: 0x00024850, Max: 0x00100000, ABSOLUTE)

    Execution Region ER_IROM1 (Exec base: 0x08000000, Load base: 0x08000000, Size: 0x00024774, Max: 0x00100000, ABSOLUTE)

    Exec Addr    Load Addr    Size         Type   Attr      Idx    E Section Name        Object

    0x08000000   0x08000000   0x000001c8   Data   RO            3    RESET               startup_stm32f746xx.o
    0x080001c8   0x080001c8   0x00000000   Code   RO         9097  * .ARM.Collect$$$$00000000  mc_w.l(entry.o)
    0x080001c8   0x080001c8   0x00000004   Code   RO         9369    .ARM.Collect$$$$00000001  mc_w.l(entry2.o)
    0x080001cc   0x080001cc   0x00000004   Code   RO         9372    .ARM.Collect$$$$00000004  mc_w.l(entry5.o)
    0x080001d0   0x080001d0   0x00000000   Code   RO         9374    .ARM.Collect$$$$00000008  mc_w.l(entry7b.o)
    0x080001d0   0x080001d0   0x00000000   Code   RO         9376    .ARM.Collect$$$$0000000A  mc_w.l(entry8b.o)
    0x080001d0   0x080001d0   0x00000008   Code   RO         9377    .ARM.Collect$$$$0000000B  mc_w.l(entry9a.o)
    0x080001d8   0x080001d8   0x00000000   Code   RO         9379    .ARM.Collect$$$$0000000D  mc_w.l(entry10a.o)
    0x080001d8   0x080001d8   0x00000000   Code   RO         9381    .ARM.Collect$$$$0000000F  mc_w.l(entry11a.o)
    0x080001d8   0x080001d8   0x00000004   Code   RO         9370    .ARM.Collect$$$$00002712  mc_w.l(entry2.o)
    0x080001dc   0x080001dc   0x00000024   Code   RO            4    .text               startup_stm32f746xx.o
    0x08000200   0x08000200   0x00000062   Code   RO         9100    .text               mc_w.l(uldiv.o)
    0x08000262   0x08000262   0x00000024   Code   RO         9102    .text               mc_w.l(memcpya.o)
    0x08000286   0x08000286   0x00000024   Code   RO         9104    .text               mc_w.l(memseta.o)
    0x080002aa   0x080002aa   0x0000002c   Code   RO         9384    .text               mc_w.l(uidiv.o)
    0x080002d6   0x080002d6   0x0000001e   Code   RO         9386    .text               mc_w.l(llshl.o)
    0x080002f4   0x080002f4   0x00000020   Code   RO         9388    .text               mc_w.l(llushr.o)
    0x08000314   0x08000314   0x00000000   Code   RO         9397    .text               mc_w.l(iusefp.o)
    0x08000314   0x08000314   0x00000024   Code   RO         9408    .text               mc_w.l(init.o)
    0x08000338   0x08000338   0x0000004c   Code   RO         9063    .text.arm_bitreversal_32  arm_cortexM7lfsp_math.lib(arm_bitreversal2.o)
    0x08000384   0x08000384   0x000000dc   Code   RO         8957    .text.arm_cfft_f32  arm_cortexM7lfsp_math.lib(arm_cfft_f32.o)
    0x08000460   0x08000460   0x0000017e   Code   RO         8953    .text.arm_cfft_radix8by2_f32  arm_cortexM7lfsp_math.lib(arm_cfft_f32.o)
    0x080005de   0x080005de   0x00000002   PAD
    0x080005e0   0x080005e0   0x000003dc   Code   RO         8955    .text.arm_cfft_radix8by4_f32  arm_cortexM7lfsp_math.lib(arm_cfft_f32.o)
    0x080009bc   0x080009bc   0x00000138   Code   RO         8900    .text.arm_cmplx_mag_f32  arm_cortexM7lfsp_math.lib(arm_cmplx_mag_f32.o)
    0x08000af4   0x08000af4   0x00000524   Code   RO         9076    .text.arm_radix8_butterfly_f32  arm_cortexM7lfsp_math.lib(arm_cfft_radix8_f32.o)
    0x08001018   0x08001018   0x0000003c   Code   RO         8936    .text.arm_rfft_1024_fast_init_f32  arm_cortexM7lfsp_math.lib(arm_rfft_fast_init_f32.o)
    0x08001054   0x08001054   0x0000003c   Code   RO         8938    .text.arm_rfft_2048_fast_init_f32  arm_cortexM7lfsp_math.lib(arm_rfft_fast_init_f32.o)
    0x08001090   0x08001090   0x00000038   Code   RO         8932    .text.arm_rfft_256_fast_init_f32  arm_cortexM7lfsp_math.lib(arm_rfft_fast_init_f32.o)
    0x080010c8   0x080010c8   0x00000036   Code   RO         8926    .text.arm_rfft_32_fast_init_f32  arm_cortexM7lfsp_math.lib(arm_rfft_fast_init_f32.o)
    0x080010fe   0x080010fe   0x0000003c   Code   RO         8940    .text.arm_rfft_4096_fast_init_f32  arm_cortexM7lfsp_math.lib(arm_rfft_fast_init_f32.o)
    0x0800113a   0x0800113a   0x0000003c   Code   RO         8934    .text.arm_rfft_512_fast_init_f32  arm_cortexM7lfsp_math.lib(arm_rfft_fast_init_f32.o)
    0x08001176   0x08001176   0x00000036   Code   RO         8928    .text.arm_rfft_64_fast_init_f32  arm_cortexM7lfsp_math.lib(arm_rfft_fast_init_f32.o)
    0x080011ac   0x080011ac   0x00000050   Code   RO         8915    .text.arm_rfft_fast_f32  arm_cortexM7lfsp_math.lib(arm_rfft_fast_f32.o)
    0x080011fc   0x080011fc   0x0000007e   Code   RO         8942    .text.arm_rfft_fast_init_f32  arm_cortexM7lfsp_math.lib(arm_rfft_fast_init_f32.o)
    0x0800127a   0x0800127a   0x00000002   PAD
    0x0800127c   0x0800127c   0x000000aa   Code   RO         8913    .text.merge_rfft_f32  arm_cortexM7lfsp_math.lib(arm_rfft_fast_f32.o)
    0x08001326   0x08001326   0x00000002   PAD
    0x08001328   0x08001328   0x000000a4   Code   RO         8911    .text.stage_rfft_f32  arm_cortexM7lfsp_math.lib(arm_rfft_fast_f32.o)
    0x080013cc   0x080013cc   0x00000170   Code   RO          802    i.ADC_Init          stm32f7xx_hal_adc.o
    0x0800153c   0x0800153c   0x00000002   Code   RO         7693    i.AUDIO_IO_DeInit   stm32746g_discovery.o
    0x0800153e   0x0800153e   0x0000000c   Code   RO         7694    i.AUDIO_IO_Delay    stm32746g_discovery.o
    0x0800154a   0x0800154a   0x00000002   PAD
    0x0800154c   0x0800154c   0x00000010   Code   RO         7695    i.AUDIO_IO_Init     stm32746g_discovery.o
    0x0800155c   0x0800155c   0x00000040   Code   RO         7696    i.AUDIO_IO_Read     stm32746g_discovery.o
    0x0800159c   0x0800159c   0x0000003c   Code   RO         7697    i.AUDIO_IO_Write    stm32746g_discovery.o
    0x080015d8   0x080015d8   0x00000002   Code   RO         7915    i.BSP_AUDIO_IN_Error_CallBack  stm32746g_discovery_audio.o
    0x080015da   0x080015da   0x00000002   Code   RO         7916    i.BSP_AUDIO_IN_HalfTransfer_CallBack  stm32746g_discovery_audio.o
    0x080015dc   0x080015dc   0x00000018   Code   RO         7917    i.BSP_AUDIO_IN_Init  stm32746g_discovery_audio.o
    0x080015f4   0x080015f4   0x000000b4   Code   RO         7918    i.BSP_AUDIO_IN_InitEx  stm32746g_discovery_audio.o
    0x080016a8   0x080016a8   0x00000148   Code   RO         7920    i.BSP_AUDIO_IN_MspInit  stm32746g_discovery_audio.o
    0x080017f0   0x080017f0   0x0000001c   Code   RO         7923    i.BSP_AUDIO_IN_Record  stm32746g_discovery_audio.o
    0x0800180c   0x0800180c   0x00000034   Code   RO         7926    i.BSP_AUDIO_IN_Stop  stm32746g_discovery_audio.o
    0x08001840   0x08001840   0x00000002   Code   RO         7927    i.BSP_AUDIO_IN_TransferComplete_CallBack  stm32746g_discovery_audio.o
    0x08001842   0x08001842   0x00000066   Code   RO         7929    i.BSP_AUDIO_OUT_ClockConfig  stm32746g_discovery_audio.o
    0x080018a8   0x080018a8   0x00000002   Code   RO         7931    i.BSP_AUDIO_OUT_Error_CallBack  stm32746g_discovery_audio.o
    0x080018aa   0x080018aa   0x00000002   PAD
    0x080018ac   0x080018ac   0x00000188   Code   RO         7935    i.BSP_AUDIO_OUT_MspInit  stm32746g_discovery_audio.o
    0x08001a34   0x08001a34   0x00000040   Code   RO         8181    i.BSP_LCD_Clear     stm32746g_discovery_lcd.o
    0x08001a74   0x08001a74   0x0000002c   Code   RO         8183    i.BSP_LCD_ClockConfig  stm32746g_discovery_lcd.o
    0x08001aa0   0x08001aa0   0x00000068   Code   RO         8185    i.BSP_LCD_DisplayChar  stm32746g_discovery_lcd.o
    0x08001b08   0x08001b08   0x00000034   Code   RO         8187    i.BSP_LCD_DisplayOn  stm32746g_discovery_lcd.o
    0x08001b3c   0x08001b3c   0x00000128   Code   RO         8188    i.BSP_LCD_DisplayStringAt  stm32746g_discovery_lcd.o
    0x08001c64   0x08001c64   0x0000013c   Code   RO         8194    i.BSP_LCD_DrawLine  stm32746g_discovery_lcd.o
    0x08001da0   0x08001da0   0x0000006c   Code   RO         8195    i.BSP_LCD_DrawPixel  stm32746g_discovery_lcd.o
    0x08001e0c   0x08001e0c   0x000000b8   Code   RO         8202    i.BSP_LCD_FillRect  stm32746g_discovery_lcd.o
    0x08001ec4   0x08001ec4   0x00000020   Code   RO         8206    i.BSP_LCD_GetXSize  stm32746g_discovery_lcd.o
    0x08001ee4   0x08001ee4   0x00000020   Code   RO         8207    i.BSP_LCD_GetYSize  stm32746g_discovery_lcd.o
    0x08001f04   0x08001f04   0x000000b0   Code   RO         8208    i.BSP_LCD_Init      stm32746g_discovery_lcd.o
    0x08001fb4   0x08001fb4   0x00000090   Code   RO         8209    i.BSP_LCD_LayerDefaultInit  stm32746g_discovery_lcd.o
    0x08002044   0x08002044   0x000001ac   Code   RO         8212    i.BSP_LCD_MspInit   stm32746g_discovery_lcd.o
    0x080021f0   0x080021f0   0x0000000c   Code   RO         8217    i.BSP_LCD_SelectLayer  stm32746g_discovery_lcd.o
    0x080021fc   0x080021fc   0x0000001c   Code   RO         8218    i.BSP_LCD_SetBackColor  stm32746g_discovery_lcd.o
    0x08002218   0x08002218   0x0000001c   Code   RO         8221    i.BSP_LCD_SetFont   stm32746g_discovery_lcd.o
    0x08002234   0x08002234   0x00000018   Code   RO         8228    i.BSP_LCD_SetTextColor  stm32746g_discovery_lcd.o
    0x0800224c   0x0800224c   0x0000008c   Code   RO         8558    i.BSP_SDRAM_Init    stm32746g_discovery_sdram.o
    0x080022d8   0x080022d8   0x00000098   Code   RO         8559    i.BSP_SDRAM_Initialization_sequence  stm32746g_discovery_sdram.o
    0x08002370   0x08002370   0x000001c8   Code   RO         8561    i.BSP_SDRAM_MspInit  stm32746g_discovery_sdram.o
    0x08002538   0x08002538   0x0000022c   Code   RO         8640    i.BSP_TS_GetState   stm32746g_discovery_ts.o
    0x08002764   0x08002764   0x00000070   Code   RO         8641    i.BSP_TS_Get_GestureId  stm32746g_discovery_ts.o
    0x080027d4   0x080027d4   0x00000064   Code   RO         8645    i.BSP_TS_Init       stm32746g_discovery_ts.o
    0x08002838   0x08002838   0x00000004   Code   RO          413    i.BusFault_Handler  stm32f7xx_it.o
    0x0800283c   0x0800283c   0x0000001c   Code   RO         8807    i.CODEC_IO_Write    wm8994.o
    0x08002858   0x08002858   0x00000010   Code   RO          414    i.DMA2D_IRQHandler  stm32f7xx_it.o
    0x08002868   0x08002868   0x000000e6   Code   RO         3049    i.DMA2D_SetConfig   stm32f7xx_hal_dma2d.o
    0x0800294e   0x0800294e   0x00000002   PAD
    0x08002950   0x08002950   0x00000010   Code   RO          415    i.DMA2_Stream6_IRQHandler  stm32f7xx_it.o
    0x08002960   0x08002960   0x00000034   Code   RO         1529    i.DMA_CalcBaseAndBitshift  stm32f7xx_hal_dma.o
    0x08002994   0x08002994   0x000000aa   Code   RO         1530    i.DMA_CheckFifoParam  stm32f7xx_hal_dma.o
    0x08002a3e   0x08002a3e   0x0000002c   Code   RO         1531    i.DMA_SetConfig     stm32f7xx_hal_dma.o
    0x08002a6a   0x08002a6a   0x00000002   Code   RO          416    i.DebugMon_Handler  stm32f7xx_it.o
    0x08002a6c   0x08002a6c   0x00000104   Code   RO         8233    i.DrawChar          stm32746g_discovery_lcd.o
    0x08002b70   0x08002b70   0x00000002   Code   RO           13    i.Error_Handler     main.o
    0x08002b72   0x08002b72   0x00000074   Code   RO         3261    i.FMC_SDRAM_Init    stm32f7xx_ll_fmc.o
    0x08002be6   0x08002be6   0x0000000e   Code   RO         3262    i.FMC_SDRAM_ProgramRefreshRate  stm32f7xx_ll_fmc.o
    0x08002bf4   0x08002bf4   0x00000026   Code   RO         3263    i.FMC_SDRAM_SendCommand  stm32f7xx_ll_fmc.o
    0x08002c1a   0x08002c1a   0x00000002   PAD
    0x08002c1c   0x08002c1c   0x0000009c   Code   RO         3265    i.FMC_SDRAM_Timing_Init  stm32f7xx_ll_fmc.o
    0x08002cb8   0x08002cb8   0x000001b4   Code   RO          804    i.HAL_ADC_ConfigChannel  stm32f7xx_hal_adc.o
    0x08002e6c   0x08002e6c   0x00000068   Code   RO          813    i.HAL_ADC_Init      stm32f7xx_hal_adc.o
    0x08002ed4   0x08002ed4   0x000000ac   Code   RO          514    i.HAL_ADC_MspInit   stm32f7xx_hal_msp.o
    0x08002f80   0x08002f80   0x00000066   Code   RO         2861    i.HAL_CRCEx_Polynomial_Set  stm32f7xx_hal_crc_ex.o
    0x08002fe6   0x08002fe6   0x00000002   PAD
    0x08002fe8   0x08002fe8   0x00000084   Code   RO         2795    i.HAL_CRC_Init      stm32f7xx_hal_crc.o
    0x0800306c   0x0800306c   0x00000030   Code   RO          516    i.HAL_CRC_MspInit   stm32f7xx_hal_msp.o
    0x0800309c   0x0800309c   0x00000098   Code   RO         2906    i.HAL_DCMI_Init     stm32f7xx_hal_dcmi.o
    0x08003134   0x08003134   0x00000160   Code   RO          518    i.HAL_DCMI_MspInit  stm32f7xx_hal_msp.o
    0x08003294   0x08003294   0x00000002   Code   RO         3055    i.HAL_DMA2D_CLUTLoadingCpltCallback  stm32f7xx_hal_dma2d.o
    0x08003296   0x08003296   0x00000002   PAD
    0x08003298   0x08003298   0x000000cc   Code   RO         3061    i.HAL_DMA2D_ConfigLayer  stm32f7xx_hal_dma2d.o
    0x08003364   0x08003364   0x00000166   Code   RO         3068    i.HAL_DMA2D_IRQHandler  stm32f7xx_hal_dma2d.o
    0x080034ca   0x080034ca   0x00000060   Code   RO         3069    i.HAL_DMA2D_Init    stm32f7xx_hal_dma2d.o
    0x0800352a   0x0800352a   0x00000002   Code   RO         3070    i.HAL_DMA2D_LineEventCallback  stm32f7xx_hal_dma2d.o
    0x0800352c   0x0800352c   0x00000044   Code   RO          520    i.HAL_DMA2D_MspInit  stm32f7xx_hal_msp.o
    0x08003570   0x08003570   0x00000166   Code   RO         3073    i.HAL_DMA2D_PollForTransfer  stm32f7xx_hal_dma2d.o
    0x080036d6   0x080036d6   0x0000004e   Code   RO         3076    i.HAL_DMA2D_Start   stm32f7xx_hal_dma2d.o
    0x08003724   0x08003724   0x000000aa   Code   RO         1532    i.HAL_DMA_Abort     stm32f7xx_hal_dma.o
    0x080037ce   0x080037ce   0x0000006e   Code   RO         1534    i.HAL_DMA_DeInit    stm32f7xx_hal_dma.o
    0x0800383c   0x0800383c   0x00000240   Code   RO         1537    i.HAL_DMA_IRQHandler  stm32f7xx_hal_dma.o
    0x08003a7c   0x08003a7c   0x000000ec   Code   RO         1538    i.HAL_DMA_Init      stm32f7xx_hal_dma.o
    0x08003b68   0x08003b68   0x0000009e   Code   RO         1542    i.HAL_DMA_Start_IT  stm32f7xx_hal_dma.o
    0x08003c06   0x08003c06   0x00000002   PAD
    0x08003c08   0x08003c08   0x00000028   Code   RO         2039    i.HAL_Delay         stm32f7xx_hal.o
    0x08003c30   0x08003c30   0x0000010c   Code   RO          522    i.HAL_FMC_MspInit   stm32f7xx_hal_msp.o
    0x08003d3c   0x08003d3c   0x00000180   Code   RO         1463    i.HAL_GPIO_DeInit   stm32f7xx_hal_gpio.o
    0x08003ebc   0x08003ebc   0x00000218   Code   RO         1466    i.HAL_GPIO_Init     stm32f7xx_hal_gpio.o
    0x080040d4   0x080040d4   0x0000000c   Code   RO         1470    i.HAL_GPIO_WritePin  stm32f7xx_hal_gpio.o
    0x080040e0   0x080040e0   0x0000000c   Code   RO         2047    i.HAL_GetTick       stm32f7xx_hal.o
    0x080040ec   0x080040ec   0x00000002   Code   RO         7174    i.HAL_HCD_Connect_Callback  stm32f7xx_hal_hcd.o
    0x080040ee   0x080040ee   0x00000002   Code   RO         7176    i.HAL_HCD_Disconnect_Callback  stm32f7xx_hal_hcd.o
    0x080040f0   0x080040f0   0x00000002   Code   RO         7185    i.HAL_HCD_HC_NotifyURBChange_Callback  stm32f7xx_hal_hcd.o
    0x080040f2   0x080040f2   0x0000016c   Code   RO         7187    i.HAL_HCD_IRQHandler  stm32f7xx_hal_hcd.o
    0x0800425e   0x0800425e   0x00000066   Code   RO         7188    i.HAL_HCD_Init      stm32f7xx_hal_hcd.o
    0x080042c4   0x080042c4   0x000000ac   Code   RO          524    i.HAL_HCD_MspInit   stm32f7xx_hal_msp.o
    0x08004370   0x08004370   0x00000002   Code   RO         7191    i.HAL_HCD_PortDisabled_Callback  stm32f7xx_hal_hcd.o
    0x08004372   0x08004372   0x00000002   Code   RO         7192    i.HAL_HCD_PortEnabled_Callback  stm32f7xx_hal_hcd.o
    0x08004374   0x08004374   0x00000002   Code   RO         7194    i.HAL_HCD_SOF_Callback  stm32f7xx_hal_hcd.o
    0x08004376   0x08004376   0x0000006a   Code   RO         2687    i.HAL_I2CEx_ConfigAnalogFilter  stm32f7xx_hal_i2c_ex.o
    0x080043e0   0x080043e0   0x00000068   Code   RO         2688    i.HAL_I2CEx_ConfigDigitalFilter  stm32f7xx_hal_i2c_ex.o
    0x08004448   0x08004448   0x0000003c   Code   RO         2232    i.HAL_I2C_DeInit    stm32f7xx_hal_i2c.o
    0x08004484   0x08004484   0x00000008   Code   RO         2240    i.HAL_I2C_GetState  stm32f7xx_hal_i2c.o
    0x0800448c   0x0800448c   0x000000c4   Code   RO         2241    i.HAL_I2C_Init      stm32f7xx_hal_i2c.o
    0x08004550   0x08004550   0x000001a0   Code   RO         2259    i.HAL_I2C_Mem_Read  stm32f7xx_hal_i2c.o
    0x080046f0   0x080046f0   0x00000198   Code   RO         2262    i.HAL_I2C_Mem_Write  stm32f7xx_hal_i2c.o
    0x08004888   0x08004888   0x00000058   Code   RO          525    i.HAL_I2C_MspDeInit  stm32f7xx_hal_msp.o
    0x080048e0   0x080048e0   0x000000ec   Code   RO          526    i.HAL_I2C_MspInit   stm32f7xx_hal_msp.o
    0x080049cc   0x080049cc   0x00000018   Code   RO         2053    i.HAL_IncTick       stm32f7xx_hal.o
    0x080049e4   0x080049e4   0x00000016   Code   RO         2054    i.HAL_Init          stm32f7xx_hal.o
    0x080049fa   0x080049fa   0x00000002   PAD
    0x080049fc   0x080049fc   0x00000088   Code   RO          760    i.HAL_InitTick      stm32f7xx_hal_timebase_tim.o
    0x08004a84   0x08004a84   0x0000005e   Code   RO         3555    i.HAL_LTDC_ConfigLayer  stm32f7xx_hal_ltdc.o
    0x08004ae2   0x08004ae2   0x00000002   Code   RO         3568    i.HAL_LTDC_ErrorCallback  stm32f7xx_hal_ltdc.o
    0x08004ae4   0x08004ae4   0x00000008   Code   RO         3570    i.HAL_LTDC_GetState  stm32f7xx_hal_ltdc.o
    0x08004aec   0x08004aec   0x000000f4   Code   RO         3571    i.HAL_LTDC_IRQHandler  stm32f7xx_hal_ltdc.o
    0x08004be0   0x08004be0   0x00000118   Code   RO         3572    i.HAL_LTDC_Init     stm32f7xx_hal_ltdc.o
    0x08004cf8   0x08004cf8   0x00000002   Code   RO         3573    i.HAL_LTDC_LineEventCallback  stm32f7xx_hal_ltdc.o
    0x08004cfa   0x08004cfa   0x00000002   PAD
    0x08004cfc   0x08004cfc   0x00000178   Code   RO          528    i.HAL_LTDC_MspInit  stm32f7xx_hal_msp.o
    0x08004e74   0x08004e74   0x00000002   Code   RO         3578    i.HAL_LTDC_ReloadEventCallback  stm32f7xx_hal_ltdc.o
    0x08004e76   0x08004e76   0x00000002   PAD
    0x08004e78   0x08004e78   0x00000040   Code   RO          529    i.HAL_MspInit       stm32f7xx_hal_msp.o
    0x08004eb8   0x08004eb8   0x00000020   Code   RO         1897    i.HAL_NVIC_EnableIRQ  stm32f7xx_hal_cortex.o
    0x08004ed8   0x08004ed8   0x0000007c   Code   RO         1903    i.HAL_NVIC_SetPriority  stm32f7xx_hal_cortex.o
    0x08004f54   0x08004f54   0x00000028   Code   RO         1904    i.HAL_NVIC_SetPriorityGrouping  stm32f7xx_hal_cortex.o
    0x08004f7c   0x08004f7c   0x00000090   Code   RO         1806    i.HAL_PWREx_EnableOverDrive  stm32f7xx_hal_pwr_ex.o
    0x0800500c   0x0800500c   0x00000014   Code   RO         1683    i.HAL_PWR_EnableBkUpAccess  stm32f7xx_hal_pwr.o
    0x08005020   0x08005020   0x000000d8   Code   RO         3860    i.HAL_QSPI_Init     stm32f7xx_hal_qspi.o
    0x080050f8   0x080050f8   0x00000110   Code   RO          531    i.HAL_QSPI_MspInit  stm32f7xx_hal_msp.o
    0x08005208   0x08005208   0x00000004   Code   RO         3870    i.HAL_QSPI_SetTimeout  stm32f7xx_hal_qspi.o
    0x0800520c   0x0800520c   0x000001a4   Code   RO         1180    i.HAL_RCCEx_GetPeriphCLKConfig  stm32f7xx_hal_rcc_ex.o
    0x080053b0   0x080053b0   0x000001cc   Code   RO         1181    i.HAL_RCCEx_GetPeriphCLKFreq  stm32f7xx_hal_rcc_ex.o
    0x0800557c   0x0800557c   0x000006e0   Code   RO         1182    i.HAL_RCCEx_PeriphCLKConfig  stm32f7xx_hal_rcc_ex.o
    0x08005c5c   0x08005c5c   0x00000190   Code   RO         1075    i.HAL_RCC_ClockConfig  stm32f7xx_hal_rcc.o
    0x08005dec   0x08005dec   0x00000044   Code   RO         1079    i.HAL_RCC_GetClockConfig  stm32f7xx_hal_rcc.o
    0x08005e30   0x08005e30   0x0000000c   Code   RO         1080    i.HAL_RCC_GetHCLKFreq  stm32f7xx_hal_rcc.o
    0x08005e3c   0x08005e3c   0x00000020   Code   RO         1082    i.HAL_RCC_GetPCLK1Freq  stm32f7xx_hal_rcc.o
    0x08005e5c   0x08005e5c   0x00000020   Code   RO         1083    i.HAL_RCC_GetPCLK2Freq  stm32f7xx_hal_rcc.o
    0x08005e7c   0x08005e7c   0x000000b0   Code   RO         1084    i.HAL_RCC_GetSysClockFreq  stm32f7xx_hal_rcc.o
    0x08005f2c   0x08005f2c   0x000004b4   Code   RO         1087    i.HAL_RCC_OscConfig  stm32f7xx_hal_rcc.o
    0x080063e0   0x080063e0   0x0000007a   Code   RO         4265    i.HAL_RTCEx_SetTimeStamp  stm32f7xx_hal_rtc_ex.o
    0x0800645a   0x0800645a   0x00000002   PAD
    0x0800645c   0x0800645c   0x000000b4   Code   RO         4109    i.HAL_RTC_Init      stm32f7xx_hal_rtc.o
    0x08006510   0x08006510   0x00000020   Code   RO          533    i.HAL_RTC_MspInit   stm32f7xx_hal_msp.o
    0x08006530   0x08006530   0x000001cc   Code   RO         4113    i.HAL_RTC_SetAlarm  stm32f7xx_hal_rtc.o
    0x080066fc   0x080066fc   0x00000104   Code   RO         4115    i.HAL_RTC_SetDate   stm32f7xx_hal_rtc.o
    0x08006800   0x08006800   0x0000012c   Code   RO         4116    i.HAL_RTC_SetTime   stm32f7xx_hal_rtc.o
    0x0800692c   0x0800692c   0x0000003a   Code   RO         4117    i.HAL_RTC_WaitForSynchro  stm32f7xx_hal_rtc.o
    0x08006966   0x08006966   0x000000a2   Code   RO         4482    i.HAL_SAI_DMAStop   stm32f7xx_hal_sai.o
    0x08006a08   0x08006a08   0x0000004a   Code   RO         4483    i.HAL_SAI_DeInit    stm32f7xx_hal_sai.o
    0x08006a52   0x08006a52   0x00000002   PAD
    0x08006a54   0x08006a54   0x00000038   Code   RO         7946    i.HAL_SAI_ErrorCallback  stm32746g_discovery_audio.o
    0x08006a8c   0x08006a8c   0x00000008   Code   RO         4490    i.HAL_SAI_GetState  stm32f7xx_hal_sai.o
    0x08006a94   0x08006a94   0x0000021c   Code   RO         4492    i.HAL_SAI_Init      stm32f7xx_hal_sai.o
    0x08006cb0   0x08006cb0   0x00000084   Code   RO          534    i.HAL_SAI_MspDeInit  stm32f7xx_hal_msp.o
    0x08006d34   0x08006d34   0x0000010c   Code   RO          535    i.HAL_SAI_MspInit   stm32f7xx_hal_msp.o
    0x08006e40   0x08006e40   0x000000d0   Code   RO         4497    i.HAL_SAI_Receive_DMA  stm32f7xx_hal_sai.o
    0x08006f10   0x08006f10   0x0000000a   Code   RO         7947    i.HAL_SAI_RxCpltCallback  stm32746g_discovery_audio.o
    0x08006f1a   0x08006f1a   0x0000000a   Code   RO         7948    i.HAL_SAI_RxHalfCpltCallback  stm32746g_discovery_audio.o
    0x08006f24   0x08006f24   0x00000040   Code   RO         3402    i.HAL_SDRAM_Init    stm32f7xx_hal_sdram.o
    0x08006f64   0x08006f64   0x0000000a   Code   RO          537    i.HAL_SDRAM_MspInit  stm32f7xx_hal_msp.o
    0x08006f6e   0x08006f6e   0x00000028   Code   RO         3405    i.HAL_SDRAM_ProgramRefreshRate  stm32f7xx_hal_sdram.o
    0x08006f96   0x08006f96   0x0000003a   Code   RO         3411    i.HAL_SDRAM_SendCommand  stm32f7xx_hal_sdram.o
    0x08006fd0   0x08006fd0   0x000000a8   Code   RO         5041    i.HAL_SD_ConfigWideBusOperation  stm32f7xx_hal_sd.o
    0x08007078   0x08007078   0x000001f0   Code   RO         5046    i.HAL_SD_GetCardCSD  stm32f7xx_hal_sd.o
    0x08007268   0x08007268   0x00000036   Code   RO         5053    i.HAL_SD_Init       stm32f7xx_hal_sd.o
    0x0800729e   0x0800729e   0x00000088   Code   RO         5054    i.HAL_SD_InitCard   stm32f7xx_hal_sd.o
    0x08007326   0x08007326   0x00000002   PAD
    0x08007328   0x08007328   0x000000bc   Code   RO          539    i.HAL_SD_MspInit    stm32f7xx_hal_msp.o
    0x080073e4   0x080073e4   0x00000074   Code   RO         5301    i.HAL_SPDIFRX_Init  stm32f7xx_hal_spdifrx.o
    0x08007458   0x08007458   0x00000078   Code   RO          541    i.HAL_SPDIFRX_MspInit  stm32f7xx_hal_msp.o
    0x080074d0   0x080074d0   0x000000cc   Code   RO         5482    i.HAL_SPI_Init      stm32f7xx_hal_spi.o
    0x0800759c   0x0800759c   0x000000b4   Code   RO          543    i.HAL_SPI_MspInit   stm32f7xx_hal_msp.o
    0x08007650   0x08007650   0x00000002   Code   RO         6520    i.HAL_TIMEx_Break2Callback  stm32f7xx_hal_tim_ex.o
    0x08007652   0x08007652   0x00000002   Code   RO         6521    i.HAL_TIMEx_BreakCallback  stm32f7xx_hal_tim_ex.o
    0x08007654   0x08007654   0x00000002   Code   RO         6522    i.HAL_TIMEx_CommutCallback  stm32f7xx_hal_tim_ex.o
    0x08007656   0x08007656   0x00000002   PAD
    0x08007658   0x08007658   0x000000b4   Code   RO         6524    i.HAL_TIMEx_ConfigBreakDeadTime  stm32f7xx_hal_tim_ex.o
    0x0800770c   0x0800770c   0x00000078   Code   RO         6540    i.HAL_TIMEx_MasterConfigSynchronization  stm32f7xx_hal_tim_ex.o
    0x08007784   0x08007784   0x00000034   Code   RO         5824    i.HAL_TIM_Base_Init  stm32f7xx_hal_tim.o
    0x080077b8   0x080077b8   0x000000d8   Code   RO          545    i.HAL_TIM_Base_MspInit  stm32f7xx_hal_msp.o
    0x08007890   0x08007890   0x00000038   Code   RO         5829    i.HAL_TIM_Base_Start_IT  stm32f7xx_hal_tim.o
    0x080078c8   0x080078c8   0x0000010c   Code   RO         5833    i.HAL_TIM_ConfigClockSource  stm32f7xx_hal_tim.o
    0x080079d4   0x080079d4   0x00000002   Code   RO         5853    i.HAL_TIM_IC_CaptureCallback  stm32f7xx_hal_tim.o
    0x080079d6   0x080079d6   0x000001b8   Code   RO         5867    i.HAL_TIM_IRQHandler  stm32f7xx_hal_tim.o
    0x08007b8e   0x08007b8e   0x00000002   PAD
    0x08007b90   0x08007b90   0x00000178   Code   RO          546    i.HAL_TIM_MspPostInit  stm32f7xx_hal_msp.o
    0x08007d08   0x08007d08   0x00000002   Code   RO         5870    i.HAL_TIM_OC_DelayElapsedCallback  stm32f7xx_hal_tim.o
    0x08007d0a   0x08007d0a   0x00000174   Code   RO         5891    i.HAL_TIM_PWM_ConfigChannel  stm32f7xx_hal_tim.o
    0x08007e7e   0x08007e7e   0x00000034   Code   RO         5894    i.HAL_TIM_PWM_Init  stm32f7xx_hal_tim.o
    0x08007eb2   0x08007eb2   0x00000002   PAD
    0x08007eb4   0x08007eb4   0x00000030   Code   RO          548    i.HAL_TIM_PWM_MspInit  stm32f7xx_hal_msp.o
    0x08007ee4   0x08007ee4   0x00000002   Code   RO         5897    i.HAL_TIM_PWM_PulseFinishedCallback  stm32f7xx_hal_tim.o
    0x08007ee6   0x08007ee6   0x00000002   PAD
    0x08007ee8   0x08007ee8   0x00000018   Code   RO           14    i.HAL_TIM_PeriodElapsedCallback  main.o
    0x08007f00   0x08007f00   0x00000002   Code   RO         5910    i.HAL_TIM_TriggerCallback  stm32f7xx_hal_tim.o
    0x08007f02   0x08007f02   0x00000074   Code   RO         6809    i.HAL_UART_Init     stm32f7xx_hal_uart.o
    0x08007f76   0x08007f76   0x00000002   PAD
    0x08007f78   0x08007f78   0x00000120   Code   RO          550    i.HAL_UART_MspInit  stm32f7xx_hal_msp.o
    0x08008098   0x08008098   0x000000d0   Code   RO         6817    i.HAL_UART_Transmit  stm32f7xx_hal_uart.o
    0x08008168   0x08008168   0x00000570   Code   RO         7197    i.HCD_HC_IN_IRQHandler  stm32f7xx_hal_hcd.o
    0x080086d8   0x080086d8   0x0000054a   Code   RO         7198    i.HCD_HC_OUT_IRQHandler  stm32f7xx_hal_hcd.o
    0x08008c22   0x08008c22   0x000000e0   Code   RO         7199    i.HCD_Port_IRQHandler  stm32f7xx_hal_hcd.o
    0x08008d02   0x08008d02   0x00000002   PAD
    0x08008d04   0x08008d04   0x00000108   Code   RO         7200    i.HCD_RXQLVL_IRQHandler  stm32f7xx_hal_hcd.o
    0x08008e0c   0x08008e0c   0x00000002   Code   RO          417    i.HardFault_Handler  stm32f7xx_it.o
    0x08008e0e   0x08008e0e   0x00000028   Code   RO         2288    i.I2C_Flush_TXDR    stm32f7xx_hal_i2c.o
    0x08008e36   0x08008e36   0x00000002   PAD
    0x08008e38   0x08008e38   0x00000098   Code   RO         2296    i.I2C_IsAcknowledgeFailed  stm32f7xx_hal_i2c.o
    0x08008ed0   0x08008ed0   0x0000007c   Code   RO         2299    i.I2C_RequestMemoryRead  stm32f7xx_hal_i2c.o
    0x08008f4c   0x08008f4c   0x0000007c   Code   RO         2300    i.I2C_RequestMemoryWrite  stm32f7xx_hal_i2c.o
    0x08008fc8   0x08008fc8   0x00000034   Code   RO         2303    i.I2C_TransferConfig  stm32f7xx_hal_i2c.o
    0x08008ffc   0x08008ffc   0x0000005e   Code   RO         2304    i.I2C_WaitOnFlagUntilTimeout  stm32f7xx_hal_i2c.o
    0x0800905a   0x0800905a   0x00000056   Code   RO         2306    i.I2C_WaitOnSTOPFlagUntilTimeout  stm32f7xx_hal_i2c.o
    0x080090b0   0x080090b0   0x0000005a   Code   RO         2307    i.I2C_WaitOnTXISFlagUntilTimeout  stm32f7xx_hal_i2c.o
    0x0800910a   0x0800910a   0x00000014   Code   RO         7717    i.I2Cx_Error        stm32746g_discovery.o
    0x0800911e   0x0800911e   0x00000002   PAD
    0x08009120   0x08009120   0x00000050   Code   RO         7718    i.I2Cx_Init         stm32746g_discovery.o
    0x08009170   0x08009170   0x00000164   Code   RO         7720    i.I2Cx_MspInit      stm32746g_discovery.o
    0x080092d4   0x080092d4   0x0000003a   Code   RO         7721    i.I2Cx_ReadMultiple  stm32746g_discovery.o
    0x0800930e   0x0800930e   0x0000003a   Code   RO         7722    i.I2Cx_WriteMultiple  stm32746g_discovery.o
    0x08009348   0x08009348   0x00000056   Code   RO           15    i.LCD_Config        main.o
    0x0800939e   0x0800939e   0x00000002   PAD
    0x080093a0   0x080093a0   0x00000088   Code   RO         8236    i.LL_FillBuffer     stm32746g_discovery_lcd.o
    0x08009428   0x08009428   0x00000010   Code   RO          418    i.LTDC_IRQHandler   stm32f7xx_it.o
    0x08009438   0x08009438   0x00000210   Code   RO         3591    i.LTDC_SetConfig    stm32f7xx_hal_ltdc.o
    0x08009648   0x08009648   0x00000070   Code   RO           16    i.MX_ADC3_Init      main.o
    0x080096b8   0x080096b8   0x00000034   Code   RO           17    i.MX_CRC_Init       main.o
    0x080096ec   0x080096ec   0x00000038   Code   RO           18    i.MX_DCMI_Init      main.o
    0x08009724   0x08009724   0x00000040   Code   RO           19    i.MX_DMA2D_Init     main.o
    0x08009764   0x08009764   0x00000034   Code   RO           20    i.MX_DMA_Init       main.o
    0x08009798   0x08009798   0x00000074   Code   RO           21    i.MX_FMC_Init       main.o
    0x0800980c   0x0800980c   0x00000374   Code   RO           22    i.MX_GPIO_Init      main.o
    0x08009b80   0x08009b80   0x00000058   Code   RO           23    i.MX_I2C1_Init      main.o
    0x08009bd8   0x08009bd8   0x00000058   Code   RO           24    i.MX_I2C3_Init      main.o
    0x08009c30   0x08009c30   0x000000c8   Code   RO           25    i.MX_LTDC_Init      main.o
    0x08009cf8   0x08009cf8   0x00000038   Code   RO           26    i.MX_QUADSPI_Init   main.o
    0x08009d30   0x08009d30   0x000000e8   Code   RO           27    i.MX_RTC_Init       main.o
    0x08009e18   0x08009e18   0x000000dc   Code   RO           28    i.MX_SAI2_Init      main.o
    0x08009ef4   0x08009ef4   0x00000040   Code   RO           29    i.MX_SDMMC1_SD_Init  main.o
    0x08009f34   0x08009f34   0x00000034   Code   RO           30    i.MX_SPDIFRX_Init   main.o
    0x08009f68   0x08009f68   0x00000050   Code   RO           31    i.MX_SPI2_Init      main.o
    0x08009fb8   0x08009fb8   0x0000005c   Code   RO           32    i.MX_TIM12_Init     main.o
    0x0800a014   0x0800a014   0x000000e4   Code   RO           33    i.MX_TIM1_Init      main.o
    0x0800a0f8   0x0800a0f8   0x0000009c   Code   RO           34    i.MX_TIM2_Init      main.o
    0x0800a194   0x0800a194   0x000000a0   Code   RO           35    i.MX_TIM3_Init      main.o
    0x0800a234   0x0800a234   0x000000a0   Code   RO           36    i.MX_TIM5_Init      main.o
    0x0800a2d4   0x0800a2d4   0x0000006c   Code   RO           37    i.MX_TIM8_Init      main.o
    0x0800a340   0x0800a340   0x00000040   Code   RO           38    i.MX_USART1_UART_Init  main.o
    0x0800a380   0x0800a380   0x00000040   Code   RO           39    i.MX_USART6_UART_Init  main.o
    0x0800a3c0   0x0800a3c0   0x00000030   Code   RO           40    i.MX_USB_OTG_FS_HCD_Init  main.o
    0x0800a3f0   0x0800a3f0   0x00000004   Code   RO          419    i.MemManage_Handler  stm32f7xx_it.o
    0x0800a3f4   0x0800a3f4   0x00000002   Code   RO          420    i.NMI_Handler       stm32f7xx_it.o
    0x0800a3f6   0x0800a3f6   0x00000002   PAD
    0x0800a3f8   0x0800a3f8   0x00000010   Code   RO          421    i.OTG_FS_IRQHandler  stm32f7xx_it.o
    0x0800a408   0x0800a408   0x00000002   Code   RO          422    i.PendSV_Handler    stm32f7xx_it.o
    0x0800a40a   0x0800a40a   0x0000004c   Code   RO         3885    i.QSPI_WaitFlagStateUntilTimeout  stm32f7xx_hal_qspi.o
    0x0800a456   0x0800a456   0x0000001a   Code   RO         4119    i.RTC_ByteToBcd2    stm32f7xx_hal_rtc.o
    0x0800a470   0x0800a470   0x0000003e   Code   RO         4120    i.RTC_EnterInitMode  stm32f7xx_hal_rtc.o
    0x0800a4ae   0x0800a4ae   0x00000048   Code   RO         4507    i.SAI_DMAError      stm32f7xx_hal_sai.o
    0x0800a4f6   0x0800a4f6   0x00000042   Code   RO         4508    i.SAI_DMARxCplt     stm32f7xx_hal_sai.o
    0x0800a538   0x0800a538   0x0000000e   Code   RO         4509    i.SAI_DMARxHalfCplt  stm32f7xx_hal_sai.o
    0x0800a546   0x0800a546   0x00000002   PAD
    0x0800a548   0x0800a548   0x00000054   Code   RO         4512    i.SAI_Disable       stm32f7xx_hal_sai.o
    0x0800a59c   0x0800a59c   0x0000003a   Code   RO         4516    i.SAI_InterruptFlag  stm32f7xx_hal_sai.o
    0x0800a5d6   0x0800a5d6   0x00000002   PAD
    0x0800a5d8   0x0800a5d8   0x00000028   Code   RO         7951    i.SAIx_In_DeInit    stm32746g_discovery_audio.o
    0x0800a600   0x0800a600   0x00000110   Code   RO         7952    i.SAIx_In_Init      stm32746g_discovery_audio.o
    0x0800a710   0x0800a710   0x0000003a   Code   RO         4762    i.SDMMC_CmdAppCommand  stm32f7xx_ll_sdmmc.o
    0x0800a74a   0x0800a74a   0x00000002   PAD
    0x0800a74c   0x0800a74c   0x0000003c   Code   RO         4763    i.SDMMC_CmdAppOperCommand  stm32f7xx_ll_sdmmc.o
    0x0800a788   0x0800a788   0x0000003a   Code   RO         4764    i.SDMMC_CmdBlockLength  stm32f7xx_ll_sdmmc.o
    0x0800a7c2   0x0800a7c2   0x0000003a   Code   RO         4765    i.SDMMC_CmdBusWidth  stm32f7xx_ll_sdmmc.o
    0x0800a7fc   0x0800a7fc   0x0000002e   Code   RO         4769    i.SDMMC_CmdGoIdleState  stm32f7xx_ll_sdmmc.o
    0x0800a82a   0x0800a82a   0x00000036   Code   RO         4771    i.SDMMC_CmdOperCond  stm32f7xx_ll_sdmmc.o
    0x0800a860   0x0800a860   0x0000003c   Code   RO         4776    i.SDMMC_CmdSelDesel  stm32f7xx_ll_sdmmc.o
    0x0800a89c   0x0800a89c   0x00000034   Code   RO         4777    i.SDMMC_CmdSendCID  stm32f7xx_ll_sdmmc.o
    0x0800a8d0   0x0800a8d0   0x00000034   Code   RO         4778    i.SDMMC_CmdSendCSD  stm32f7xx_ll_sdmmc.o
    0x0800a904   0x0800a904   0x0000003a   Code   RO         4779    i.SDMMC_CmdSendSCR  stm32f7xx_ll_sdmmc.o
    0x0800a93e   0x0800a93e   0x0000003a   Code   RO         4781    i.SDMMC_CmdSetRelAdd  stm32f7xx_ll_sdmmc.o
    0x0800a978   0x0800a978   0x0000002c   Code   RO         4787    i.SDMMC_ConfigData  stm32f7xx_ll_sdmmc.o
    0x0800a9a4   0x0800a9a4   0x00000040   Code   RO         4788    i.SDMMC_GetCmdError  stm32f7xx_ll_sdmmc.o
    0x0800a9e4   0x0800a9e4   0x000001a4   Code   RO         4789    i.SDMMC_GetCmdResp1  stm32f7xx_ll_sdmmc.o
    0x0800ab88   0x0800ab88   0x0000005c   Code   RO         4790    i.SDMMC_GetCmdResp2  stm32f7xx_ll_sdmmc.o
    0x0800abe4   0x0800abe4   0x00000050   Code   RO         4791    i.SDMMC_GetCmdResp3  stm32f7xx_ll_sdmmc.o
    0x0800ac34   0x0800ac34   0x000000b0   Code   RO         4792    i.SDMMC_GetCmdResp6  stm32f7xx_ll_sdmmc.o
    0x0800ace4   0x0800ace4   0x00000058   Code   RO         4793    i.SDMMC_GetCmdResp7  stm32f7xx_ll_sdmmc.o
    0x0800ad3c   0x0800ad3c   0x00000008   Code   RO         4794    i.SDMMC_GetCommandResponse  stm32f7xx_ll_sdmmc.o
    0x0800ad44   0x0800ad44   0x0000000a   Code   RO         4797    i.SDMMC_GetPowerState  stm32f7xx_ll_sdmmc.o
    0x0800ad4e   0x0800ad4e   0x00000016   Code   RO         4798    i.SDMMC_GetResponse  stm32f7xx_ll_sdmmc.o
    0x0800ad64   0x0800ad64   0x00000034   Code   RO         4799    i.SDMMC_Init        stm32f7xx_ll_sdmmc.o
    0x0800ad98   0x0800ad98   0x0000000a   Code   RO         4801    i.SDMMC_PowerState_ON  stm32f7xx_ll_sdmmc.o
    0x0800ada2   0x0800ada2   0x00000008   Code   RO         4802    i.SDMMC_ReadFIFO    stm32f7xx_ll_sdmmc.o
    0x0800adaa   0x0800adaa   0x00000028   Code   RO         4803    i.SDMMC_SendCommand  stm32f7xx_ll_sdmmc.o
    0x0800add2   0x0800add2   0x0000012c   Code   RO         5070    i.SD_FindSCR        stm32f7xx_hal_sd.o
    0x0800aefe   0x0800aefe   0x000000fc   Code   RO         5071    i.SD_InitCard       stm32f7xx_hal_sd.o
    0x0800affa   0x0800affa   0x000000ee   Code   RO         5073    i.SD_PowerON        stm32f7xx_hal_sd.o
    0x0800b0e8   0x0800b0e8   0x0000006a   Code   RO         5077    i.SD_WideBus_Disable  stm32f7xx_hal_sd.o
    0x0800b152   0x0800b152   0x0000006a   Code   RO         5078    i.SD_WideBus_Enable  stm32f7xx_hal_sd.o
    0x0800b1bc   0x0800b1bc   0x00000002   Code   RO          423    i.SVC_Handler       stm32f7xx_it.o
    0x0800b1be   0x0800b1be   0x00000002   PAD
    0x0800b1c0   0x0800b1c0   0x0000011c   Code   RO           41    i.SystemClock_Config  main.o
    0x0800b2dc   0x0800b2dc   0x00000064   Code   RO         7657    i.SystemInit        system_stm32f7xx.o
    0x0800b340   0x0800b340   0x00000010   Code   RO          424    i.TIM6_DAC_IRQHandler  stm32f7xx_it.o
    0x0800b350   0x0800b350   0x000000d8   Code   RO         5912    i.TIM_Base_SetConfig  stm32f7xx_hal_tim.o
    0x0800b428   0x0800b428   0x00000016   Code   RO         5923    i.TIM_ETR_SetConfig  stm32f7xx_hal_tim.o
    0x0800b43e   0x0800b43e   0x00000012   Code   RO         5924    i.TIM_ITRx_SetConfig  stm32f7xx_hal_tim.o
    0x0800b450   0x0800b450   0x00000074   Code   RO         5925    i.TIM_OC1_SetConfig  stm32f7xx_hal_tim.o
    0x0800b4c4   0x0800b4c4   0x00000080   Code   RO         5926    i.TIM_OC2_SetConfig  stm32f7xx_hal_tim.o
    0x0800b544   0x0800b544   0x0000007c   Code   RO         5927    i.TIM_OC3_SetConfig  stm32f7xx_hal_tim.o
    0x0800b5c0   0x0800b5c0   0x00000058   Code   RO         5928    i.TIM_OC4_SetConfig  stm32f7xx_hal_tim.o
    0x0800b618   0x0800b618   0x00000050   Code   RO         5929    i.TIM_OC5_SetConfig  stm32f7xx_hal_tim.o
    0x0800b668   0x0800b668   0x00000054   Code   RO         5930    i.TIM_OC6_SetConfig  stm32f7xx_hal_tim.o
    0x0800b6bc   0x0800b6bc   0x00000026   Code   RO         5932    i.TIM_TI1_ConfigInputStage  stm32f7xx_hal_tim.o
    0x0800b6e2   0x0800b6e2   0x00000028   Code   RO         5934    i.TIM_TI2_ConfigInputStage  stm32f7xx_hal_tim.o
    0x0800b70a   0x0800b70a   0x0000000c   Code   RO         7723    i.TS_IO_Delay       stm32746g_discovery.o
    0x0800b716   0x0800b716   0x00000002   PAD
    0x0800b718   0x0800b718   0x00000010   Code   RO         7724    i.TS_IO_Init        stm32746g_discovery.o
    0x0800b728   0x0800b728   0x00000028   Code   RO         7725    i.TS_IO_Read        stm32746g_discovery.o
    0x0800b750   0x0800b750   0x00000024   Code   RO         7726    i.TS_IO_Write       stm32746g_discovery.o
    0x0800b774   0x0800b774   0x000000f8   Code   RO         6822    i.UART_AdvFeatureConfig  stm32f7xx_hal_uart.o
    0x0800b86c   0x0800b86c   0x00000048   Code   RO         6823    i.UART_CheckIdleState  stm32f7xx_hal_uart.o
    0x0800b8b4   0x0800b8b4   0x000003a4   Code   RO         6839    i.UART_SetConfig    stm32f7xx_hal_uart.o
    0x0800bc58   0x0800bc58   0x00000068   Code   RO         6842    i.UART_WaitOnFlagUntilTimeout  stm32f7xx_hal_uart.o
    0x0800bcc0   0x0800bcc0   0x00000078   Code   RO         7355    i.USB_CoreInit      stm32f7xx_ll_usb.o
    0x0800bd38   0x0800bd38   0x0000004c   Code   RO         7356    i.USB_CoreReset     stm32f7xx_ll_usb.o
    0x0800bd84   0x0800bd84   0x0000000e   Code   RO         7363    i.USB_DisableGlobalInt  stm32f7xx_ll_usb.o
    0x0800bd92   0x0800bd92   0x0000004a   Code   RO         7365    i.USB_DriveVbus     stm32f7xx_ll_usb.o
    0x0800bddc   0x0800bddc   0x0000002c   Code   RO         7372    i.USB_FlushRxFifo   stm32f7xx_ll_usb.o
    0x0800be08   0x0800be08   0x00000030   Code   RO         7373    i.USB_FlushTxFifo   stm32f7xx_ll_usb.o
    0x0800be38   0x0800be38   0x0000000a   Code   RO         7377    i.USB_GetMode       stm32f7xx_ll_usb.o
    0x0800be42   0x0800be42   0x00000176   Code   RO         7378    i.USB_HC_Halt       stm32f7xx_ll_usb.o
    0x0800bfb8   0x0800bfb8   0x0000000e   Code   RO         7380    i.USB_HC_ReadInterrupt  stm32f7xx_ll_usb.o
    0x0800bfc6   0x0800bfc6   0x00000002   PAD
    0x0800bfc8   0x0800bfc8   0x000000f0   Code   RO         7382    i.USB_HostInit      stm32f7xx_ll_usb.o
    0x0800c0b8   0x0800c0b8   0x00000044   Code   RO         7383    i.USB_InitFSLSPClkSel  stm32f7xx_ll_usb.o
    0x0800c0fc   0x0800c0fc   0x0000000a   Code   RO         7388    i.USB_ReadInterrupts  stm32f7xx_ll_usb.o
    0x0800c106   0x0800c106   0x00000022   Code   RO         7389    i.USB_ReadPacket    stm32f7xx_ll_usb.o
    0x0800c128   0x0800c128   0x00000036   Code   RO         7391    i.USB_SetCurrentMode  stm32f7xx_ll_usb.o
    0x0800c15e   0x0800c15e   0x00000004   Code   RO          425    i.UsageFault_Handler  stm32f7xx_it.o
    0x0800c162   0x0800c162   0x00000002   PAD
    0x0800c164   0x0800c164   0x00000020   Code   RO         9153    i.__0printf$1       mc_w.l(printf1.o)
    0x0800c184   0x0800c184   0x00000028   Code   RO         9155    i.__0sprintf$1      mc_w.l(printf1.o)
    0x0800c1ac   0x0800c1ac   0x00000010   Code   RO         1910    i.__NVIC_GetPriorityGrouping  stm32f7xx_hal_cortex.o
    0x0800c1bc   0x0800c1bc   0x00000028   Code   RO         1911    i.__NVIC_SetPriority  stm32f7xx_hal_cortex.o
    0x0800c1e4   0x0800c1e4   0x0000003a   Code   RO         9085    i.__hardfp_sqrtf    m_wm.l(sqrtf.o)
    0x0800c21e   0x0800c21e   0x0000000e   Code   RO         9416    i.__scatterload_copy  mc_w.l(handlers.o)
    0x0800c22c   0x0800c22c   0x00000002   Code   RO         9417    i.__scatterload_null  mc_w.l(handlers.o)
    0x0800c22e   0x0800c22e   0x0000000e   Code   RO         9418    i.__scatterload_zeroinit  mc_w.l(handlers.o)
    0x0800c23c   0x0800c23c   0x0000000c   Code   RO         9392    i.__set_errno       mc_w.l(errno.o)
    0x0800c248   0x0800c248   0x00000154   Code   RO         9160    i._printf_core      mc_w.l(printf1.o)
    0x0800c39c   0x0800c39c   0x0000000a   Code   RO         9162    i._sputc            mc_w.l(printf1.o)
    0x0800c3a6   0x0800c3a6   0x00000002   PAD
    0x0800c3a8   0x0800c3a8   0x0000001c   Code   RO           42    i.fputc             main.o
    0x0800c3c4   0x0800c3c4   0x0000000c   Code   RO         8705    i.ft5336_Get_I2C_InitializedStatus  ft5336.o
    0x0800c3d0   0x0800c3d0   0x00000018   Code   RO         8706    i.ft5336_I2C_InitializeIfRequired  ft5336.o
    0x0800c3e8   0x0800c3e8   0x00000010   Code   RO         8707    i.ft5336_Init       ft5336.o
    0x0800c3f8   0x0800c3f8   0x0000003a   Code   RO         8708    i.ft5336_ReadID     ft5336.o
    0x0800c432   0x0800c432   0x00000002   Code   RO         8709    i.ft5336_Reset      ft5336.o
    0x0800c434   0x0800c434   0x00000002   Code   RO         8710    i.ft5336_TS_ClearIT  ft5336.o
    0x0800c436   0x0800c436   0x00000006   Code   RO         8711    i.ft5336_TS_Configure  ft5336.o
    0x0800c43c   0x0800c43c   0x00000040   Code   RO         8712    i.ft5336_TS_DetectTouch  ft5336.o
    0x0800c47c   0x0800c47c   0x00000014   Code   RO         8713    i.ft5336_TS_DisableIT  ft5336.o
    0x0800c490   0x0800c490   0x00000014   Code   RO         8714    i.ft5336_TS_EnableIT  ft5336.o
    0x0800c4a4   0x0800c4a4   0x0000001c   Code   RO         8715    i.ft5336_TS_GetGestureID  ft5336.o
    0x0800c4c0   0x0800c4c0   0x00000108   Code   RO         8716    i.ft5336_TS_GetTouchInfo  ft5336.o
    0x0800c5c8   0x0800c5c8   0x00000164   Code   RO         8717    i.ft5336_TS_GetXY   ft5336.o
    0x0800c72c   0x0800c72c   0x00000006   Code   RO         8718    i.ft5336_TS_ITStatus  ft5336.o
    0x0800c732   0x0800c732   0x00000016   Code   RO         8719    i.ft5336_TS_Start   ft5336.o
    0x0800c748   0x0800c748   0x0000031c   Code   RO           43    i.main              main.o
    0x0800ca64   0x0800ca64   0x00000008   Code   RO         8808    i.wm8994_DeInit     wm8994.o
    0x0800ca6c   0x0800ca6c   0x00000b5a   Code   RO         8809    i.wm8994_Init       wm8994.o
    0x0800d5c6   0x0800d5c6   0x00000020   Code   RO         8810    i.wm8994_Pause      wm8994.o
    0x0800d5e6   0x0800d5e6   0x0000001c   Code   RO         8811    i.wm8994_Play       wm8994.o
    0x0800d602   0x0800d602   0x00000012   Code   RO         8812    i.wm8994_ReadID     wm8994.o
    0x0800d614   0x0800d614   0x00000028   Code   RO         8813    i.wm8994_Reset      wm8994.o
    0x0800d63c   0x0800d63c   0x00000014   Code   RO         8814    i.wm8994_Resume     wm8994.o
    0x0800d650   0x0800d650   0x000000e6   Code   RO         8815    i.wm8994_SetFrequency  wm8994.o
    0x0800d736   0x0800d736   0x00000002   PAD
    0x0800d738   0x0800d738   0x00000054   Code   RO         8816    i.wm8994_SetMute    wm8994.o
    0x0800d78c   0x0800d78c   0x0000013c   Code   RO         8817    i.wm8994_SetOutputMode  wm8994.o
    0x0800d8c8   0x0800d8c8   0x0000012c   Code   RO         8818    i.wm8994_SetVolume  wm8994.o
    0x0800d9f4   0x0800d9f4   0x0000007c   Code   RO         8819    i.wm8994_Stop       wm8994.o
    0x0800da70   0x0800da70   0x00000008   Data   RO         1544    .constdata          stm32f7xx_hal_dma.o
    0x0800da78   0x0800da78   0x00000018   Data   RO         7658    .constdata          system_stm32f7xx.o
    0x0800da90   0x0800da90   0x00003cdc   Data   RO         8238    .constdata          stm32746g_discovery_lcd.o
    0x0801176c   0x0801176c   0x00000e10   Data   RO         9002    .rodata.armBitRevIndexTable1024  arm_cortexM7lfsp_math.lib(arm_common_tables.o)
    0x0801257c   0x0801257c   0x000001a0   Data   RO         8999    .rodata.armBitRevIndexTable128  arm_cortexM7lfsp_math.lib(arm_common_tables.o)
    0x0801271c   0x0801271c   0x00000028   Data   RO         8996    .rodata.armBitRevIndexTable16  arm_cortexM7lfsp_math.lib(arm_common_tables.o)
    0x08012744   0x08012744   0x00001dc0   Data   RO         9003    .rodata.armBitRevIndexTable2048  arm_cortexM7lfsp_math.lib(arm_common_tables.o)
    0x08014504   0x08014504   0x00000370   Data   RO         9000    .rodata.armBitRevIndexTable256  arm_cortexM7lfsp_math.lib(arm_common_tables.o)
    0x08014874   0x08014874   0x00000060   Data   RO         8997    .rodata.armBitRevIndexTable32  arm_cortexM7lfsp_math.lib(arm_common_tables.o)
    0x080148d4   0x080148d4   0x00000380   Data   RO         9001    .rodata.armBitRevIndexTable512  arm_cortexM7lfsp_math.lib(arm_common_tables.o)
    0x08014c54   0x08014c54   0x00002000   Data   RO         8975    .rodata.twiddleCoef_1024  arm_cortexM7lfsp_math.lib(arm_common_tables.o)
    0x08016c54   0x08016c54   0x00000400   Data   RO         8972    .rodata.twiddleCoef_128  arm_cortexM7lfsp_math.lib(arm_common_tables.o)
    0x08017054   0x08017054   0x00000080   Data   RO         8969    .rodata.twiddleCoef_16  arm_cortexM7lfsp_math.lib(arm_common_tables.o)
    0x080170d4   0x080170d4   0x00004000   Data   RO         8976    .rodata.twiddleCoef_2048  arm_cortexM7lfsp_math.lib(arm_common_tables.o)
    0x0801b0d4   0x0801b0d4   0x00000800   Data   RO         8973    .rodata.twiddleCoef_256  arm_cortexM7lfsp_math.lib(arm_common_tables.o)
    0x0801b8d4   0x0801b8d4   0x00000100   Data   RO         8970    .rodata.twiddleCoef_32  arm_cortexM7lfsp_math.lib(arm_common_tables.o)
    0x0801b9d4   0x0801b9d4   0x00001000   Data   RO         8974    .rodata.twiddleCoef_512  arm_cortexM7lfsp_math.lib(arm_common_tables.o)
    0x0801c9d4   0x0801c9d4   0x00001000   Data   RO         9019    .rodata.twiddleCoef_rfft_1024  arm_cortexM7lfsp_math.lib(arm_common_tables.o)
    0x0801d9d4   0x0801d9d4   0x00002000   Data   RO         9020    .rodata.twiddleCoef_rfft_2048  arm_cortexM7lfsp_math.lib(arm_common_tables.o)
    0x0801f9d4   0x0801f9d4   0x00000400   Data   RO         9017    .rodata.twiddleCoef_rfft_256  arm_cortexM7lfsp_math.lib(arm_common_tables.o)
    0x0801fdd4   0x0801fdd4   0x00000080   Data   RO         9014    .rodata.twiddleCoef_rfft_32  arm_cortexM7lfsp_math.lib(arm_common_tables.o)
    0x0801fe54   0x0801fe54   0x00004000   Data   RO         9021    .rodata.twiddleCoef_rfft_4096  arm_cortexM7lfsp_math.lib(arm_common_tables.o)
    0x08023e54   0x08023e54   0x00000800   Data   RO         9018    .rodata.twiddleCoef_rfft_512  arm_cortexM7lfsp_math.lib(arm_common_tables.o)
    0x08024654   0x08024654   0x00000100   Data   RO         9015    .rodata.twiddleCoef_rfft_64  arm_cortexM7lfsp_math.lib(arm_common_tables.o)
    0x08024754   0x08024754   0x00000020   Data   RO         9414    Region$$Table       anon$$obj.o


    Execution Region RW_IRAM1 (Exec base: 0x20000000, Load base: 0x08024774, Size: 0x000021e8, Max: 0x00050000, ABSOLUTE)

    Exec Addr    Load Addr    Size         Type   Attr      Idx    E Section Name        Object

    0x20000000   0x08024774   0x00000008   Data   RW           45    .data               main.o
    0x20000008   0x0802477c   0x0000000c   Data   RW          551    .data               stm32f7xx_hal_msp.o
    0x20000014   0x08024788   0x00000009   Data   RW         2061    .data               stm32f7xx_hal.o
    0x2000001d   0x08024791   0x00000003   PAD
    0x20000020   0x08024794   0x00000004   Data   RW         7659    .data               system_stm32f7xx.o
    0x20000024   0x08024798   0x00000006   Data   RW         7956    .data               stm32746g_discovery_audio.o
    0x2000002a   0x0802479e   0x00000002   PAD
    0x2000002c   0x080247a0   0x0000002c   Data   RW         8239    .data               stm32746g_discovery_lcd.o
    0x20000058   0x080247cc   0x00000002   Data   RW         8568    .data               stm32746g_discovery_sdram.o
    0x2000005a   0x080247ce   0x00000002   PAD
    0x2000005c   0x080247d0   0x0000000a   Data   RW         8648    .data               stm32746g_discovery_ts.o
    0x20000066   0x080247da   0x00000002   PAD
    0x20000068   0x080247dc   0x0000002e   Data   RW         8720    .data               ft5336.o
    0x20000096   0x0802480a   0x00000002   PAD
    0x20000098   0x0802480c   0x00000039   Data   RW         8820    .data               wm8994.o
    0x200000d1   0x08024845   0x00000003   PAD
    0x200000d4   0x08024848   0x00000004   Data   RW         9383    .data               mc_w.l(stdout.o)
    0x200000d8   0x0802484c   0x00000004   Data   RW         9393    .data               mc_w.l(errno.o)
    0x200000dc        -       0x00001700   Zero   RW           44    .bss                main.o
    0x200017dc        -       0x00000040   Zero   RW          763    .bss                stm32f7xx_hal_timebase_tim.o
    0x2000181c        -       0x00000098   Zero   RW         7727    .bss                stm32746g_discovery.o
    0x200018b4        -       0x00000268   Zero   RW         7955    .bss                stm32746g_discovery_audio.o
    0x20001b1c        -       0x00000184   Zero   RW         8237    .bss                stm32746g_discovery_lcd.o
    0x20001ca0        -       0x00000120   Zero   RW         8567    .bss                stm32746g_discovery_sdram.o
    0x20001dc0        -       0x00000028   Zero   RW         8647    .bss                stm32746g_discovery_ts.o
    0x20001de8        -       0x00000400   Zero   RW            1    STACK               startup_stm32f746xx.o


==============================================================================

Image component sizes


      Code (inc. data)   RO Data    RW Data    ZI Data      Debug   Object Name

       900         52          0         46          0      16879   ft5336.o
      4716        360          0          8       5888     997562   main.o
        36          8        456          0       1024        804   startup_stm32f746xx.o
       830         62          0          0        152      10864   stm32746g_discovery.o
      1502        110          0          6        616      13139   stm32746g_discovery_audio.o
      2468        214      15580         44        388      20325   stm32746g_discovery_lcd.o
       748         66          0          2        288       4376   stm32746g_discovery_sdram.o
       768         62          0         10         40       3351   stm32746g_discovery_ts.o
        98         18          0          9          0       8254   stm32f7xx_hal.o
       908         40          0          0          0       2623   stm32f7xx_hal_adc.o
       252         22          0          0          0      38562   stm32f7xx_hal_cortex.o
       132          4          0          0          0       1095   stm32f7xx_hal_crc.o
       102          0          0          0          0       1183   stm32f7xx_hal_crc_ex.o
       152          4          0          0          0       1088   stm32f7xx_hal_dcmi.o
      1516         16          8          0          0       7020   stm32f7xx_hal_dma.o
      1328          6          0          0          0       7124   stm32f7xx_hal_dma2d.o
       932        100          0          0          0       3274   stm32f7xx_hal_gpio.o
      3712          6          0          0          0       9417   stm32f7xx_hal_hcd.o
      1850         34          0          0          0      12462   stm32f7xx_hal_i2c.o
       210          0          0          0          0       1903   stm32f7xx_hal_i2c_ex.o
      1160          6          0          0          0       5910   stm32f7xx_hal_ltdc.o
      3974        392          0         12          0      16368   stm32f7xx_hal_msp.o
        20          6          0          0          0        531   stm32f7xx_hal_pwr.o
       144          8          0          0          0       1244   stm32f7xx_hal_pwr_ex.o
       296          8          0          0          0       3142   stm32f7xx_hal_qspi.o
      1924         80          0          0          0       6065   stm32f7xx_hal_rcc.o
      2640         46          0          0          0       3884   stm32f7xx_hal_rcc_ex.o
      1346         14          0          0          0       6136   stm32f7xx_hal_rtc.o
       122          0          0          0          0       1229   stm32f7xx_hal_rtc_ex.o
      1286         36          0          0          0       7567   stm32f7xx_hal_sai.o
      1856          0          0          0          0       8056   stm32f7xx_hal_sd.o
       162          0          0          0          0       2672   stm32f7xx_hal_sdram.o
       116          4          0          0          0       1167   stm32f7xx_hal_spdifrx.o
       204          0          0          0          0       1195   stm32f7xx_hal_spi.o
      2202        134          0          0          0      15174   stm32f7xx_hal_tim.o
       306         18          0          0          0       3832   stm32f7xx_hal_tim_ex.o
       136         18          0          0         64       1403   stm32f7xx_hal_timebase_tim.o
      1680         48          0          0          0       5741   stm32f7xx_hal_uart.o
       102         30          0          0          0       5909   stm32f7xx_it.o
       324          4          0          0          0       3316   stm32f7xx_ll_fmc.o
      1728         36          0          0          0      18420   stm32f7xx_ll_sdmmc.o
      1180         44          0          0          0      10173   stm32f7xx_ll_usb.o
       100         18         24          4          0       1115   system_stm32f7xx.o
      4134         40          0         57          0      11114   wm8994.o

    ----------------------------------------------------------------------
     50364       2174      16100        212       8460    1302668   Object Totals
         0          0         32          0          0          0   (incl. Generated)
        62          0          0         14          0          0   (incl. Padding)

    ----------------------------------------------------------------------

      Code (inc. data)   RO Data    RW Data    ZI Data      Debug   Library Member Name

        76          0          0          0          0       1250   arm_bitreversal2.o
      1590          0          0          0          0       6236   arm_cfft_f32.o
      1316          8          0          0          0       4910   arm_cfft_radix8_f32.o
       312          0          0          0          0       2017   arm_cmplx_mag_f32.o
         0          0      77800          0          0       4961   arm_common_tables.o
       414          0          0          0          0       2840   arm_rfft_fast_f32.o
       530          0          0          0          0       3498   arm_rfft_fast_init_f32.o
        58          0          0          0          0        136   sqrtf.o
         0          0          0          0          0          0   entry.o
         0          0          0          0          0          0   entry10a.o
         0          0          0          0          0          0   entry11a.o
         8          4          0          0          0          0   entry2.o
         4          0          0          0          0          0   entry5.o
         0          0          0          0          0          0   entry7b.o
         0          0          0          0          0          0   entry8b.o
         8          4          0          0          0          0   entry9a.o
        12          6          0          4          0         68   errno.o
        30          0          0          0          0          0   handlers.o
        36          8          0          0          0         68   init.o
         0          0          0          0          0          0   iusefp.o
        30          0          0          0          0         68   llshl.o
        32          0          0          0          0         68   llushr.o
        36          0          0          0          0         68   memcpya.o
        36          0          0          0          0        108   memseta.o
       422         20          0          0          0        336   printf1.o
         0          0          0          4          0          0   stdout.o
        44          0          0          0          0         80   uidiv.o
        98          0          0          0          0         92   uldiv.o

    ----------------------------------------------------------------------
      5100         50      77800          8          0      26804   Library Totals
         8          0          0          0          0          0   (incl. Padding)

    ----------------------------------------------------------------------

      Code (inc. data)   RO Data    RW Data    ZI Data      Debug   Library Name

      4238          8      77800          0          0      25712   arm_cortexM7lfsp_math.lib
        58          0          0          0          0        136   m_wm.l
       796         42          0          8          0        956   mc_w.l

    ----------------------------------------------------------------------
      5100         50      77800          8          0      26804   Library Totals

    ----------------------------------------------------------------------

==============================================================================


      Code (inc. data)   RO Data    RW Data    ZI Data      Debug   

     55464       2224      93900        220       8460    1295580   Grand Totals
     55464       2224      93900        220       8460    1295580   ELF Image Totals
     55464       2224      93900        220          0          0   ROM Totals

==============================================================================

    Total RO  Size (Code + RO Data)               149364 ( 145.86kB)
    Total RW  Size (RW Data + ZI Data)              8680 (   8.48kB)
    Total ROM Size (Code + RO Data + RW Data)     149584 ( 146.08kB)

==============================================================================

